Product: MDK-ARM Professional 5.10
Component: ARM Compiler 5.04 update 1 (build 49)
Tool: armlink [5040049]

==============================================================================

Section Cross References

    stm32f10x_usart.o(i.USART_DeInit) refers to stm32f10x_rcc.o(i.RCC_APB2PeriphResetCmd) for RCC_APB2PeriphResetCmd
    stm32f10x_usart.o(i.USART_DeInit) refers to stm32f10x_rcc.o(i.RCC_APB1PeriphResetCmd) for RCC_APB1PeriphResetCmd
    stm32f10x_usart.o(i.USART_Init) refers to stm32f10x_rcc.o(i.RCC_GetClocksFreq) for RCC_GetClocksFreq
    stm32f10x_bkp.o(i.BKP_DeInit) refers to stm32f10x_rcc.o(i.RCC_BackupResetCmd) for RCC_BackupResetCmd
    stm32f10x_gpio.o(i.GPIO_AFIODeInit) refers to stm32f10x_rcc.o(i.RCC_APB2PeriphResetCmd) for RCC_APB2PeriphResetCmd
    stm32f10x_gpio.o(i.GPIO_DeInit) refers to stm32f10x_rcc.o(i.RCC_APB2PeriphResetCmd) for RCC_APB2PeriphResetCmd
    stm32f10x_pwr.o(i.PWR_DeInit) refers to stm32f10x_rcc.o(i.RCC_APB1PeriphResetCmd) for RCC_APB1PeriphResetCmd
    stm32f10x_rcc.o(i.RCC_GetClocksFreq) refers to stm32f10x_rcc.o(.data) for APBAHBPrescTable
    stm32f10x_rcc.o(i.RCC_WaitForHSEStartUp) refers to stm32f10x_rcc.o(i.RCC_GetFlagStatus) for RCC_GetFlagStatus
    stm32f10x_rtc.o(i.RTC_SetAlarm) refers to stm32f10x_rtc.o(i.RTC_EnterConfigMode) for RTC_EnterConfigMode
    stm32f10x_rtc.o(i.RTC_SetAlarm) refers to stm32f10x_rtc.o(i.RTC_ExitConfigMode) for RTC_ExitConfigMode
    stm32f10x_rtc.o(i.RTC_SetCounter) refers to stm32f10x_rtc.o(i.RTC_EnterConfigMode) for RTC_EnterConfigMode
    stm32f10x_rtc.o(i.RTC_SetCounter) refers to stm32f10x_rtc.o(i.RTC_ExitConfigMode) for RTC_ExitConfigMode
    stm32f10x_rtc.o(i.RTC_SetPrescaler) refers to stm32f10x_rtc.o(i.RTC_EnterConfigMode) for RTC_EnterConfigMode
    stm32f10x_rtc.o(i.RTC_SetPrescaler) refers to stm32f10x_rtc.o(i.RTC_ExitConfigMode) for RTC_ExitConfigMode
    stm32f10x_tim.o(i.TIM_DeInit) refers to stm32f10x_rcc.o(i.RCC_APB2PeriphResetCmd) for RCC_APB2PeriphResetCmd
    stm32f10x_tim.o(i.TIM_DeInit) refers to stm32f10x_rcc.o(i.RCC_APB1PeriphResetCmd) for RCC_APB1PeriphResetCmd
    stm32f10x_tim.o(i.TIM_ETRClockMode1Config) refers to stm32f10x_tim.o(i.TIM_ETRConfig) for TIM_ETRConfig
    stm32f10x_tim.o(i.TIM_ETRClockMode2Config) refers to stm32f10x_tim.o(i.TIM_ETRConfig) for TIM_ETRConfig
    stm32f10x_tim.o(i.TIM_ICInit) refers to stm32f10x_tim.o(i.TI1_Config) for TI1_Config
    stm32f10x_tim.o(i.TIM_ICInit) refers to stm32f10x_tim.o(i.TIM_SetIC1Prescaler) for TIM_SetIC1Prescaler
    stm32f10x_tim.o(i.TIM_ICInit) refers to stm32f10x_tim.o(i.TI2_Config) for TI2_Config
    stm32f10x_tim.o(i.TIM_ICInit) refers to stm32f10x_tim.o(i.TIM_SetIC2Prescaler) for TIM_SetIC2Prescaler
    stm32f10x_tim.o(i.TIM_ICInit) refers to stm32f10x_tim.o(i.TI3_Config) for TI3_Config
    stm32f10x_tim.o(i.TIM_ICInit) refers to stm32f10x_tim.o(i.TIM_SetIC3Prescaler) for TIM_SetIC3Prescaler
    stm32f10x_tim.o(i.TIM_ICInit) refers to stm32f10x_tim.o(i.TI4_Config) for TI4_Config
    stm32f10x_tim.o(i.TIM_ICInit) refers to stm32f10x_tim.o(i.TIM_SetIC4Prescaler) for TIM_SetIC4Prescaler
    stm32f10x_tim.o(i.TIM_ITRxExternalClockConfig) refers to stm32f10x_tim.o(i.TIM_SelectInputTrigger) for TIM_SelectInputTrigger
    stm32f10x_tim.o(i.TIM_PWMIConfig) refers to stm32f10x_tim.o(i.TI1_Config) for TI1_Config
    stm32f10x_tim.o(i.TIM_PWMIConfig) refers to stm32f10x_tim.o(i.TIM_SetIC1Prescaler) for TIM_SetIC1Prescaler
    stm32f10x_tim.o(i.TIM_PWMIConfig) refers to stm32f10x_tim.o(i.TI2_Config) for TI2_Config
    stm32f10x_tim.o(i.TIM_PWMIConfig) refers to stm32f10x_tim.o(i.TIM_SetIC2Prescaler) for TIM_SetIC2Prescaler
    stm32f10x_tim.o(i.TIM_TIxExternalClockConfig) refers to stm32f10x_tim.o(i.TI2_Config) for TI2_Config
    stm32f10x_tim.o(i.TIM_TIxExternalClockConfig) refers to stm32f10x_tim.o(i.TI1_Config) for TI1_Config
    stm32f10x_tim.o(i.TIM_TIxExternalClockConfig) refers to stm32f10x_tim.o(i.TIM_SelectInputTrigger) for TIM_SelectInputTrigger
    stm32f10x_i2c.o(i.I2C_DeInit) refers to stm32f10x_rcc.o(i.RCC_APB1PeriphResetCmd) for RCC_APB1PeriphResetCmd
    stm32f10x_i2c.o(i.I2C_Init) refers to stm32f10x_rcc.o(i.RCC_GetClocksFreq) for RCC_GetClocksFreq
    stm32f10x_spi.o(i.I2S_Init) refers to stm32f10x_rcc.o(i.RCC_GetClocksFreq) for RCC_GetClocksFreq
    stm32f10x_spi.o(i.SPI_I2S_DeInit) refers to stm32f10x_rcc.o(i.RCC_APB2PeriphResetCmd) for RCC_APB2PeriphResetCmd
    stm32f10x_spi.o(i.SPI_I2S_DeInit) refers to stm32f10x_rcc.o(i.RCC_APB1PeriphResetCmd) for RCC_APB1PeriphResetCmd
    system_stm32f10x.o(i.SetSysClock) refers to system_stm32f10x.o(i.SetSysClockTo72) for SetSysClockTo72
    system_stm32f10x.o(i.SystemCoreClockUpdate) refers to system_stm32f10x.o(.data) for SystemCoreClock
    system_stm32f10x.o(i.SystemInit) refers to system_stm32f10x.o(i.SetSysClock) for SetSysClock
    startup_stm32f10x_hd.o(RESET) refers to startup_stm32f10x_hd.o(STACK) for __initial_sp
[...]
    set_phase_datainit                       0x08010485   Thumb Code   102  ra8806_ctrl.o(i.set_phase_datainit)
    set_phase_interface                      0x080104f5   Thumb Code   192  ra8806_ctrl.o(i.set_phase_interface)
    set_phase_main                           0x08010681   Thumb Code   108  ra8806_ctrl.o(i.set_phase_main)
    set_phase_update                         0x080106f1   Thumb Code   652  ra8806_ctrl.o(i.set_phase_update)
    sys_timeout                              0x08010995   Thumb Code   158  timers.o(i.sys_timeout)
    task1_traffic_control                    0x08010a39   Thumb Code   246  main.o(i.task1_traffic_control)
    task2_key_control_screen                 0x08010b71   Thumb Code   260  main.o(i.task2_key_control_screen)
    task3_refresh_time_screen                0x08010ce5   Thumb Code   166  main.o(i.task3_refresh_time_screen)
    task4_network                            0x08010dd5   Thumb Code    12  main.o(i.task4_network)
    task5_client_reconnect                   0x08010de5   Thumb Code    56  main.o(i.task5_client_reconnect)
    task7_system_init                        0x08010e21   Thumb Code   150  main.o(i.task7_system_init)
    tcp_abandon                              0x08010f05   Thumb Code   156  tcp.o(i.tcp_abandon)
    tcp_abort                                0x08010fad   Thumb Code    14  tcp.o(i.tcp_abort)
    tcp_accept                               0x08010fbb   Thumb Code     4  tcp.o(i.tcp_accept)
    tcp_alloc                                0x08010fc9   Thumb Code   214  tcp.o(i.tcp_alloc)
    tcp_arg                                  0x080110b9   Thumb Code     4  tcp.o(i.tcp_arg)
    tcp_bind                                 0x080110bd   Thumb Code   146  tcp.o(i.tcp_bind)
    tcp_client_connected                     0x08011159   Thumb Code   124  tcp_client.o(i.tcp_client_connected)
    tcp_client_errf                          0x0801122d   Thumb Code   192  tcp_client.o(i.tcp_client_errf)
    tcp_client_poll                          0x0801141d   Thumb Code   114  tcp_client.o(i.tcp_client_poll)
    tcp_client_recv                          0x080114c9   Thumb Code   720  tcp_client.o(i.tcp_client_recv)
    tcp_client_request                       0x08011885   Thumb Code   100  tcp_client.o(i.tcp_client_request)
    tcp_client_sent                          0x08011929   Thumb Code    62  tcp_client.o(i.tcp_client_sent)
    tcp_close                                0x08011971   Thumb Code    28  tcp.o(i.tcp_close)
    tcp_connect                              0x08011b61   Thumb Code   328  tcp.o(i.tcp_connect)
    tcp_debug_state_str                      0x08011d79   Thumb Code    10  tcp.o(i.tcp_debug_state_str)
    tcp_eff_send_mss                         0x08011d89   Thumb Code    46  tcp.o(i.tcp_eff_send_mss)
    tcp_enqueue_flags                        0x08011db9   Thumb Code   380  tcp_out.o(i.tcp_enqueue_flags)
    tcp_err                                  0x08011f39   Thumb Code    20  tcp.o(i.tcp_err)
    tcp_fasttmr                              0x08011f4d   Thumb Code   110  tcp.o(i.tcp_fasttmr)
    tcp_input                                0x08011fc9   Thumb Code  1368  tcp_in.o(i.tcp_input)
    tcp_keepalive                            0x0801254d   Thumb Code   100  tcp_out.o(i.tcp_keepalive)
    tcp_listen_with_backlog                  0x08012789   Thumb Code   202  tcp.o(i.tcp_listen_with_backlog)
    tcp_new                                  0x08012865   Thumb Code    10  tcp.o(i.tcp_new)
    tcp_next_iss                             0x080128d9   Thumb Code    20  tcp.o(i.tcp_next_iss)
    tcp_output                               0x08012985   Thumb Code   464  tcp_out.o(i.tcp_output)
    tcp_pcb_purge                            0x08012e05   Thumb Code    72  tcp.o(i.tcp_pcb_purge)
    tcp_pcb_remove                           0x08012e4d   Thumb Code   168  tcp.o(i.tcp_pcb_remove)
    tcp_poll                                 0x08012ef9   Thumb Code    24  tcp.o(i.tcp_poll)
    tcp_process_refused_data                 0x080134bd   Thumb Code   144  tcp.o(i.tcp_process_refused_data)
    tcp_recv                                 0x0801400d   Thumb Code    20  tcp.o(i.tcp_recv)
    tcp_recv_null                            0x08014021   Thumb Code    46  tcp.o(i.tcp_recv_null)
    tcp_recved                               0x0801404f   Thumb Code    96  tcp.o(i.tcp_recved)
    tcp_rexmit                               0x080140af   Thumb Code    90  tcp_out.o(i.tcp_rexmit)
    tcp_rexmit_fast                          0x08014109   Thumb Code   112  tcp_out.o(i.tcp_rexmit_fast)
    tcp_rexmit_rto                           0x08014179   Thumb Code    58  tcp_out.o(i.tcp_rexmit_rto)
    tcp_rst                                  0x080141b5   Thumb Code   166  tcp_out.o(i.tcp_rst)
    tcp_seg_copy                             0x08014261   Thumb Code    36  tcp.o(i.tcp_seg_copy)
    tcp_seg_free                             0x08014285   Thumb Code    26  tcp.o(i.tcp_seg_free)
    tcp_segs_free                            0x0801429f   Thumb Code    24  tcp.o(i.tcp_segs_free)
    tcp_send_empty_ack                       0x080142b7   Thumb Code    96  tcp_out.o(i.tcp_send_empty_ack)
    tcp_send_fin                             0x08014317   Thumb Code    74  tcp_out.o(i.tcp_send_fin)
    tcp_sent                                 0x08014361   Thumb Code    18  tcp.o(i.tcp_sent)
    tcp_server_accept                        0x08014375   Thumb Code   102  tcp_server.o(i.tcp_server_accept)
    tcp_server_errf                          0x08014405   Thumb Code   176  tcp_server.o(i.tcp_server_errf)
    tcp_server_init                          0x080145e1   Thumb Code    58  tcp_server.o(i.tcp_server_init)
    tcp_server_poll                          0x08014639   Thumb Code    76  tcp_server.o(i.tcp_server_poll)
    tcp_server_recv                          0x08014691   Thumb Code   474  tcp_server.o(i.tcp_server_recv)
    tcp_server_sent                          0x080148f5   Thumb Code    42  tcp_server.o(i.tcp_server_sent)
    tcp_slowtmr                              0x08014929   Thumb Code   908  tcp.o(i.tcp_slowtmr)
    tcp_timer_needed                         0x08014cd1   Thumb Code    38  timers.o(i.tcp_timer_needed)
    tcp_tmr                                  0x08014db5   Thumb Code    30  tcp.o(i.tcp_tmr)
    tcp_update_rcv_ann_wnd                   0x08014dd9   Thumb Code    88  tcp.o(i.tcp_update_rcv_ann_wnd)
    tcp_write                                0x08014e31   Thumb Code  1014  tcp_out.o(i.tcp_write)
    tcp_zero_window_probe                    0x080152c9   Thumb Code   196  tcp_out.o(i.tcp_zero_window_probe)
    time_saveto_ds1302                       0x080153c9   Thumb Code    84  ra8806_ctrl.o(i.time_saveto_ds1302)
    udp_input                                0x08015421   Thumb Code   580  udp.o(i.udp_input)
    tcp_state_str                            0x0801569c   Data          44  tcp.o(.constdata)
    tcp_backoff                              0x080156c8   Data          13  tcp.o(.constdata)
    tcp_persist_backoff                      0x080156d5   Data           7  tcp.o(.constdata)
    tcp_pcb_lists                            0x080156dc   Data          16  tcp.o(.constdata)
    ip_addr_any                              0x080156ec   Data           4  ip_addr.o(.constdata)
    ip_addr_broadcast                        0x080156f0   Data           4  ip_addr.o(.constdata)
    ethbroadcast                             0x080156f4   Data           6  etharp.o(.constdata)
    ethzero                                  0x080156fa   Data           6  etharp.o(.constdata)
    OSUnMapTbl                               0x08015700   Data         256  os_core.o(.constdata)
    OSDebugEn                                0x08015800   Data           2  os_dbg.o(.constdata)
    OSEndiannessTest                         0x08015804   Data           4  os_dbg.o(.constdata)
    OSEventEn                                0x08015808   Data           2  os_dbg.o(.constdata)
    OSEventMax                               0x0801580a   Data           2  os_dbg.o(.constdata)
    OSEventNameEn                            0x0801580c   Data           2  os_dbg.o(.constdata)
    OSEventSize                              0x0801580e   Data           2  os_dbg.o(.constdata)
    OSEventTblSize                           0x08015810   Data           2  os_dbg.o(.constdata)
    OSEventMultiEn                           0x08015812   Data           2  os_dbg.o(.constdata)
    OSFlagEn                                 0x08015814   Data           2  os_dbg.o(.constdata)
    OSFlagGrpSize                            0x08015816   Data           2  os_dbg.o(.constdata)
    OSFlagNodeSize                           0x08015818   Data           2  os_dbg.o(.constdata)
    OSFlagWidth                              0x0801581a   Data           2  os_dbg.o(.constdata)
    OSFlagMax                                0x0801581c   Data           2  os_dbg.o(.constdata)
    OSFlagNameEn                             0x0801581e   Data           2  os_dbg.o(.constdata)
    OSLowestPrio                             0x08015820   Data           2  os_dbg.o(.constdata)
    OSMboxEn                                 0x08015822   Data           2  os_dbg.o(.constdata)
    OSMemEn                                  0x08015824   Data           2  os_dbg.o(.constdata)
    OSMemMax                                 0x08015826   Data           2  os_dbg.o(.constdata)
    OSMemNameEn                              0x08015828   Data           2  os_dbg.o(.constdata)
    OSMemSize                                0x0801582a   Data           2  os_dbg.o(.constdata)
    OSMemTblSize                             0x0801582c   Data           2  os_dbg.o(.constdata)
    OSMutexEn                                0x0801582e   Data           2  os_dbg.o(.constdata)
    OSPtrSize                                0x08015830   Data           2  os_dbg.o(.constdata)
    OSQEn                                    0x08015832   Data           2  os_dbg.o(.constdata)
    OSQMax                                   0x08015834   Data           2  os_dbg.o(.constdata)
    OSQSize                                  0x08015836   Data           2  os_dbg.o(.constdata)
    OSRdyTblSize                             0x08015838   Data           2  os_dbg.o(.constdata)
    OSSemEn                                  0x0801583a   Data           2  os_dbg.o(.constdata)
    OSStkWidth                               0x0801583c   Data           2  os_dbg.o(.constdata)
    OSTaskCreateEn                           0x0801583e   Data           2  os_dbg.o(.constdata)
    OSTaskCreateExtEn                        0x08015840   Data           2  os_dbg.o(.constdata)
    OSTaskDelEn                              0x08015842   Data           2  os_dbg.o(.constdata)
    OSTaskIdleStkSize                        0x08015844   Data           2  os_dbg.o(.constdata)
    OSTaskProfileEn                          0x08015846   Data           2  os_dbg.o(.constdata)
    OSTaskMax                                0x08015848   Data           2  os_dbg.o(.constdata)
    OSTaskNameEn                             0x0801584a   Data           2  os_dbg.o(.constdata)
    OSTaskStatEn                             0x0801584c   Data           2  os_dbg.o(.constdata)
    OSTaskStatStkSize                        0x0801584e   Data           2  os_dbg.o(.constdata)
    OSTaskStatStkChkEn                       0x08015850   Data           2  os_dbg.o(.constdata)
    OSTaskSwHookEn                           0x08015852   Data           2  os_dbg.o(.constdata)
    OSTCBPrioTblMax                          0x08015854   Data           2  os_dbg.o(.constdata)
    OSTCBSize                                0x08015856   Data           2  os_dbg.o(.constdata)
    OSTicksPerSec                            0x08015858   Data           2  os_dbg.o(.constdata)
    OSTimeTickHookEn                         0x0801585a   Data           2  os_dbg.o(.constdata)
    OSVersionNbr                             0x0801585c   Data           2  os_dbg.o(.constdata)
    OSTmrEn                                  0x0801585e   Data           2  os_dbg.o(.constdata)
    OSTmrCfgMax                              0x08015860   Data           2  os_dbg.o(.constdata)
    OSTmrCfgNameEn                           0x08015862   Data           2  os_dbg.o(.constdata)
    OSTmrCfgWheelSize                        0x08015864   Data           2  os_dbg.o(.constdata)
    OSTmrCfgTicksPerSec                      0x08015866   Data           2  os_dbg.o(.constdata)
    OSTmrSize                                0x08015868   Data           2  os_dbg.o(.constdata)
    OSTmrTblSize                             0x0801586a   Data           2  os_dbg.o(.constdata)
    OSTmrWheelSize                           0x0801586c   Data           2  os_dbg.o(.constdata)
    OSTmrWheelTblSize                        0x0801586e   Data           2  os_dbg.o(.constdata)
    OSDataSize                               0x08015870   Data           2  os_dbg.o(.constdata)
    Night_Icon                               0x08015872   Data          32  ra8806_ctrl.o(.constdata)
    Manual_Icon                              0x08015892   Data          32  ra8806_ctrl.o(.constdata)
    Number_Table                             0x080158b2   Data          10  ra8806_ctrl.o(.constdata)
    Func_Run_PeriodPhase_Place               0x080158bc   Data           4  ra8806_ctrl.o(.constdata)
    Func_RTCDate_Place                       0x080158c0   Data          24  ra8806_ctrl.o(.constdata)
    Func_DayNight_Place                      0x080158d8   Data          12  ra8806_ctrl.o(.constdata)
    Func_LedGPIO_Place                       0x080158e4   Data          34  ra8806_ctrl.o(.constdata)
    Func_SetFlash_Place                      0x08015906   Data          34  ra8806_ctrl.o(.constdata)
    Func_PhaseInfo_Place                     0x08015928   Data          14  ra8806_ctrl.o(.constdata)
    Func_AddPhase_Place                      0x08015936   Data           8  ra8806_ctrl.o(.constdata)
    Func_SetPeriodOfTime_Place               0x0801593e   Data           8  ra8806_ctrl.o(.constdata)
    Func_SetPhase_Place                      0x08015946   Data          20  ra8806_ctrl.o(.constdata)
    key_mesg                                 0x0801595a   Data          19  stm32f10x_it.o(.constdata)
    __ctype_categories                       0x08015985   Data          64  ctype_c.o(.constdata)
    Region$$Table$$Base                      0x08015a80   Number         0  anon$$obj.o(Region$$Table)
    Region$$Table$$Limit                     0x08015aa0   Number         0  anon$$obj.o(Region$$Table)
    netif_list                               0x20000020   Data           4  netif.o(.data)
    netif_default                            0x20000024   Data           4  netif.o(.data)
    tcp_ticks                                0x20000034   Data           4  tcp.o(.data)
    tcp_bound_pcbs                           0x20000038   Data           4  tcp.o(.data)
    tcp_listen_pcbs                          0x2000003c   Data           4  tcp.o(.data)
    tcp_active_pcbs                          0x20000040   Data           4  tcp.o(.data)
    tcp_tw_pcbs                              0x20000044   Data           4  tcp.o(.data)
    tcp_tmp_pcb                              0x20000048   Data           4  tcp.o(.data)
    tcp_active_pcbs_changed                  0x2000004c   Data           1  tcp.o(.data)
    tcp_input_pcb                            0x20000070   Data           4  tcp_in.o(.data)
    udp_pcbs                                 0x20000084   Data           4  udp.o(.data)
    current_netif                            0x20000088   Data           4  ip.o(.data)
    current_header                           0x2000008c   Data           4  ip.o(.data)
    current_iphdr_src                        0x20000090   Data           4  ip.o(.data)
    current_iphdr_dest                       0x20000094   Data           4  ip.o(.data)
    client_signal                            0x200000b8   Data           1  tcp_client.o(.data)
    OSCtxSwCtr                               0x200000bc   Data           4  os_core.o(.data)
    OSEventFreeList                          0x200000c0   Data           4  os_core.o(.data)
    OSFlagFreeList                           0x200000c4   Data           4  os_core.o(.data)
    OSCPUUsage                               0x200000c8   Data           1  os_core.o(.data)
    OSIdleCtrMax                             0x200000cc   Data           4  os_core.o(.data)
    OSIdleCtrRun                             0x200000d0   Data           4  os_core.o(.data)
    OSStatRdy                                0x200000d4   Data           1  os_core.o(.data)
    OSIntNesting                             0x200000d5   Data           1  os_core.o(.data)
    OSLockNesting                            0x200000d6   Data           1  os_core.o(.data)
    OSPrioCur                                0x200000d7   Data           1  os_core.o(.data)
    OSPrioHighRdy                            0x200000d8   Data           1  os_core.o(.data)
    OSRdyGrp                                 0x200000d9   Data           1  os_core.o(.data)
    OSRdyTbl                                 0x200000da   Data           8  os_core.o(.data)
    OSRunning                                0x200000e2   Data           1  os_core.o(.data)
    OSTaskCtr                                0x200000e3   Data           1  os_core.o(.data)
    OSIdleCtr                                0x200000e4   Data           4  os_core.o(.data)
    OSTCBCur                                 0x200000e8   Data           4  os_core.o(.data)
    OSTCBFreeList                            0x200000ec   Data           4  os_core.o(.data)
    OSTCBHighRdy                             0x200000f0   Data           4  os_core.o(.data)
    OSTCBList                                0x200000f4   Data           4  os_core.o(.data)
    OSTickStepState                          0x200000f8   Data           1  os_core.o(.data)
    OSMemFreeList                            0x200000fc   Data           4  os_core.o(.data)
    OSQFreeList                              0x20000100   Data           4  os_core.o(.data)
    OSTime                                   0x20000104   Data           4  os_core.o(.data)
    OSTmrFree                                0x20000108   Data           2  os_core.o(.data)
    OSTmrUsed                                0x2000010a   Data           2  os_core.o(.data)
    OSTmrTime                                0x2000010c   Data           4  os_core.o(.data)
    OSTmrSem                                 0x20000110   Data           4  os_core.o(.data)
    OSTmrSemSignal                           0x20000114   Data           4  os_core.o(.data)
    OSTmrFreeList                            0x20000118   Data           4  os_core.o(.data)
    OS_CPU_ExceptStkBase                     0x2000011c   Data           4  os_cpu_c.o(.data)
    ETH_INT                                  0x20000124   Data           1  main.o(.data)
    LocalTime                                0x20000128   Data           4  main.o(.data)
    MACaddr                                  0x2000012c   Data           6  main.o(.data)
    system_time                              0x20000134   Data           4  main.o(.data)
    RTC_FLAG_SECSET                          0x20000138   Data           1  main.o(.data)
    RTC_FLAG_ALRSET                          0x20000139   Data           1  main.o(.data)
    RTC_FLAG_HalfSecSET                      0x2000013a   Data           1  main.o(.data)
    Time_FLAG_DayOrNight                     0x2000013b   Data           1  main.o(.data)
    Phase_FLAG_Start                         0x2000013c   Data           1  main.o(.data)
    Cycle_FLAG_Start                         0x2000013d   Data           1  main.o(.data)
    Init_FLAG_Finished                       0x2000013e   Data           1  main.o(.data)
    Manual_FLAG                              0x2000013f   Data           1  main.o(.data)
    No_UpdateLED_FLAG                        0x20000140   Data           1  main.o(.data)
    LCD_FLAG_Using                           0x20000141   Data           1  main.o(.data)
    LCD_FLAG_Oping                           0x20000142   Data           1  main.o(.data)
    LCD_FLAG_UpdateIrq                       0x20000143   Data           1  main.o(.data)
    Current_CutDown                          0x20000144   Data           1  main.o(.data)
    Current_PhaseTable                       0x20000145   Data           1  main.o(.data)
    Current_TimeTable                        0x20000146   Data           1  main.o(.data)
    KEY_BufferPointer                        0x20000147   Data           1  main.o(.data)
    KEY_BufferBottomOfStack                  0x20000148   Data           1  main.o(.data)
    KEY_Press                                0x20000149   Data           1  main.o(.data)
    Trg                                      0x2000014a   Data           1  main.o(.data)
    Cont                                     0x2000014b   Data           1  main.o(.data)
    CKey                                     0x2000014c   Data           1  main.o(.data)
    press_cycle                              0x2000014d   Data           1  main.o(.data)
    Current_Menu                             0x20000150   Data           4  main.o(.data)
    CurrentMenu_ItemNumber                   0x20000154   Data           1  main.o(.data)
    time_update_status                       0x20000155   Data           1  main.o(.data)
    lcd_refresh_time                         0x20000156   Data           1  main.o(.data)
    global_err                               0x20000157   Data           1  main.o(.data)
    sem_screen                               0x20000158   Data           4  main.o(.data)
    mbox_key                                 0x2000015c   Data           4  main.o(.data)
    mbox_traffic_signal                      0x20000160   Data           4  main.o(.data)
    mbox_client_connected                    0x20000164   Data           4  main.o(.data)
    Weekday_Table                            0x20000168   Data          44  ra8806_ctrl.o(.data)
    Tick_Cross_Table                         0x20000194   Data           8  ra8806_ctrl.o(.data)
    LedColor_Table                           0x2000019c   Data          12  ra8806_ctrl.o(.data)
    TCPTimer                                 0x200001a8   Data           4  netconf.o(.data)
    ARPTimer                                 0x200001ac   Data           4  netconf.o(.data)
    DHCPfineTimer                            0x200001b0   Data           4  netconf.o(.data)
    DHCPcoarseTimer                          0x200001b4   Data           4  netconf.o(.data)
    traffic_signal                           0x200001b8   Data           1  stm32f10x_it.o(.data)
    __stdout                                 0x200001bc   Data           4  stdout.o(.data)
    __microlib_freelist                      0x200001c0   Data           4  mvars.o(.data)
    __microlib_freelist_initialised          0x200001c4   Data           4  mvars.o(.data)
    ram_heap                                 0x200001c8   Data       16013  mem.o(.bss)
    lwip_stats                               0x20007108   Data         278  stats.o(.bss)
    OSEventTbl                               0x200072f8   Data        1000  os_core.o(.bss)
    OSFlagTbl                                0x200076e0   Data         140  os_core.o(.bss)
    OSTaskStatStk                            0x2000776c   Data         512  os_core.o(.bss)
    OSTaskIdleStk                            0x2000796c   Data         512  os_core.o(.bss)
    OSTCBPrioTbl                             0x20007b6c   Data         256  os_core.o(.bss)
    OSTCBTbl                                 0x20007c6c   Data         828  os_core.o(.bss)
    OSMemTbl                                 0x20007fa8   Data         180  os_core.o(.bss)
    OSQTbl                                   0x2000805c   Data          96  os_core.o(.bss)
    OSTmrTbl                                 0x200080bc   Data         832  os_core.o(.bss)
    OSTmrTaskStk                             0x200083fc   Data         512  os_core.o(.bss)
    OSTmrWheelTbl                            0x200085fc   Data          64  os_core.o(.bss)
    OS_CPU_ExceptStk                         0x2000863c   Data         512  os_cpu_c.o(.bss)
    eth_buf1                                 0x2000883c   Data        1536  main.o(.bss)
    eth_buf2                                 0x20008e3c   Data        3000  main.o(.bss)
    Current_Time                             0x200099f4   Data          44  main.o(.bss)
    my_Schedule                              0x20009a20   Data        3546  main.o(.bss)
    Current_Crossway_LED                     0x2000a7fa   Data          12  main.o(.bss)
    temp_Current_Crossway_LED                0x2000a806   Data          12  main.o(.bss)
    temp_Current_Crossway_Yellow             0x2000a812   Data          12  main.o(.bss)
    Current_Crossway_Flash                   0x2000a81e   Data          12  main.o(.bss)
    Current_Crossway_Flash_Allowence         0x2000a82a   Data          12  main.o(.bss)
    Phase_OneShot                            0x2000a836   Data         210  main.o(.bss)
    KEY_Buffer                               0x2000a908   Data          16  main.o(.bss)
    MainMenu                                 0x2000a918   Data          40  main.o(.bss)
    MainMenu_Items                           0x2000a940   Data         280  main.o(.bss)
    PhaseMenu                                0x2000aa58   Data          40  main.o(.bss)
    PhaseMenu_Items                          0x2000aa80   Data          84  main.o(.bss)
    PeriodOfTimeMenu                         0x2000aad4   Data          40  main.o(.bss)
    PeriodOfTimeMenu_Items                   0x2000aafc   Data          84  main.o(.bss)
    FlashMenu                                0x2000ab50   Data          40  main.o(.bss)
    FlashMenu_Items                          0x2000ab78   Data          84  main.o(.bss)
    TimeSetMenu                              0x2000abcc   Data          40  main.o(.bss)
    TimeSetMenu_Items                        0x2000abf4   Data          56  main.o(.bss)
    LEDColorMenu                             0x2000ac2c   Data          40  main.o(.bss)
    LEDColorMenu_Items                       0x2000ac54   Data          84  main.o(.bss)
    RTCSetMenu                               0x2000aca8   Data          40  main.o(.bss)
    RTCSetMenu_Items                         0x2000acd0   Data          56  main.o(.bss)
    ManualModeMenu                           0x2000ad08   Data          40  main.o(.bss)
    ManualModeMenu_Items                     0x2000ad30   Data          84  main.o(.bss)
    used_if_record                           0x2000ad84   Data          12  main.o(.bss)
    key_q                                    0x2000ad90   Data          20  main.o(.bss)
    task7_stk                                0x2000ada4   Data         512  main.o(.bss)
    task3_stk                                0x2000afa4   Data         512  main.o(.bss)
    task1_stk                                0x2000b1a4   Data         512  main.o(.bss)
    task2_stk                                0x2000b3a4   Data        2048  main.o(.bss)
    task4_stk                                0x2000bba4   Data        4000  main.o(.bss)
    task5_stk                                0x2000cb44   Data         512  main.o(.bss)
    enc28j60                                 0x2000cd44   Data          48  netconf.o(.bss)
    __heap_base                              0x2000cda0   Data           0  startup_stm32f10x_hd.o(HEAP)
    __heap_limit                             0x2000d1a0   Data           0  startup_stm32f10x_hd.o(HEAP)
    __initial_sp                             0x2000d5a0   Data           0  startup_stm32f10x_hd.o(STACK)



==============================================================================

Memory Map of the image

  Image Entry point : 0x08000131

  Load Region LR_IROM1 (Base: 0x08000000, Size: 0x00015c68, Max: 0x00080000, ABSOLUTE, COMPRESSED[0x00015af8])

    Execution Region ER_IROM1 (Base: 0x08000000, Size: 0x00015aa0, Max: 0x00080000, ABSOLUTE)

    Base Addr    Size         Type   Attr      Idx    E Section Name        Object

    0x08000000   0x00000130   Data   RO         1841    RESET               startup_stm32f10x_hd.o
    0x08000130   0x00000000   Code   RO         6368  * .ARM.Collect$$$$00000000  mc_w.l(entry.o)
    0x08000130   0x00000004   Code   RO         6685    .ARM.Collect$$$$00000001  mc_w.l(entry2.o)
    0x08000134   0x00000004   Code   RO         6688    .ARM.Collect$$$$00000004  mc_w.l(entry5.o)
    0x08000138   0x00000000   Code   RO         6690    .ARM.Collect$$$$00000008  mc_w.l(entry7b.o)
    0x08000138   0x00000000   Code   RO         6692    .ARM.Collect$$$$0000000A  mc_w.l(entry8b.o)
    0x08000138   0x00000008   Code   RO         6693    .ARM.Collect$$$$0000000B  mc_w.l(entry9a.o)
    0x08000140   0x00000000   Code   RO         6695    .ARM.Collect$$$$0000000D  mc_w.l(entry10a.o)
    0x08000140   0x00000000   Code   RO         6697    .ARM.Collect$$$$0000000F  mc_w.l(entry11a.o)
    0x08000140   0x00000004   Code   RO         6686    .ARM.Collect$$$$00002712  mc_w.l(entry2.o)
    0x08000144   0x00000024   Code   RO         1842    .text               startup_stm32f10x_hd.o
    0x08000168   0x000000c8   Code   RO         4570    .text               os_cpu_a.o
    0x08000230   0x000000a0   Code   RO         6375    .text               mc_w.l(mktime.o)
    0x080002d0   0x00000024   Code   RO         6378    .text               mc_w.l(memcpya.o)
    0x080002f4   0x00000024   Code   RO         6380    .text               mc_w.l(memseta.o)
    0x08000318   0x0000000e   Code   RO         6382    .text               mc_w.l(strlen.o)
    0x08000326   0x0000001a   Code   RO         6384    .text               mc_w.l(memcmp.o)
    0x08000340   0x0000001c   Code   RO         6677    .text               mc_w.l(calloc.o)
    0x0800035c   0x00000038   Code   RO         6679    .text               mc_w.l(__0sscanf.o)
    0x08000394   0x0000014c   Code   RO         6681    .text               mc_w.l(_scanf_int.o)
    0x080004e0   0x000000da   Code   RO         6683    .text               mc_w.l(_scanf_str.o)
    0x080005ba   0x0000002c   Code   RO         6700    .text               mc_w.l(uidiv.o)
    0x080005e6   0x00000002   PAD
    0x080005e8   0x0000000c   Code   RO         6704    .text               mc_w.l(localtime_w.o)
    0x080005f4   0x00000080   Code   RO         6707    .text               mc_w.l(localtime_i.o)
    0x08000674   0x0000001c   Code   RO         6712    .text               mc_w.l(_chval.o)
    0x08000690   0x00000028   Code   RO         6714    .text               mc_w.l(scanf_char.o)
    0x080006b8   0x00000040   Code   RO         6716    .text               mc_w.l(_sgetc.o)
    0x080006f8   0x00000024   Code   RO         6729    .text               mc_w.l(init.o)
    0x0800071c   0x0000000a   Code   RO         6737    .text               mc_w.l(isspace_c.o)
    0x08000726   0x00000002   PAD
    0x08000728   0x00000328   Code   RO         6739    .text               mc_w.l(_scanf.o)
    0x08000a50   0x00000028   Code   RO         6743    .text               mc_w.l(ctype_c.o)
    0x08000a78   0x00000056   Code   RO         6754    .text               mc_w.l(__dczerorl2.o)
    0x08000ace   0x00000014   Code   RO         5066    i.All_LED_Die       led_op.o
    0x08000ae2   0x00000002   Code   RO         3727    i.App_TCBInitHook   app_hooks.o
    0x08000ae4   0x00000002   Code   RO         3728    i.App_TaskCreateHook  app_hooks.o
    0x08000ae6   0x00000002   Code   RO         3729    i.App_TaskDelHook   app_hooks.o
    0x08000ae8   0x00000002   Code   RO         3730    i.App_TaskIdleHook  app_hooks.o
    0x08000aea   0x00000002   Code   RO         3731    i.App_TaskReturnHook  app_hooks.o
    0x08000aec   0x00000002   Code   RO         3732    i.App_TaskStatHook  app_hooks.o
    0x08000aee   0x00000002   Code   RO         3733    i.App_TaskSwHook    app_hooks.o
    0x08000af0   0x00000002   Code   RO         3734    i.App_TimeTickHook  app_hooks.o
    0x08000af2   0x00000010   Code   RO          271    i.BKP_DeInit        stm32f10x_bkp.o
    0x08000b02   0x00000004   Code   RO         6287    i.BusFault_Handler  stm32f10x_it.o
    0x08000b06   0x00000002   PAD
    0x08000b08   0x00000154   Code   RO         5067    i.CrossWay_LED_Display  led_op.o
    0x08000c5c   0x00000138   Code   RO         6185    i.DS1302_ReadByte   ds1302_op.o
    0x08000d94   0x00000024   Code   RO         6186    i.DS1302_ReadDate   ds1302_op.o
    0x08000db8   0x00000040   Code   RO         6187    i.DS1302_ReadHour   ds1302_op.o
    0x08000df8   0x00000024   Code   RO         6188    i.DS1302_ReadMin    ds1302_op.o
    0x08000e1c   0x00000024   Code   RO         6189    i.DS1302_ReadMon    ds1302_op.o
    0x08000e40   0x00000024   Code   RO         6190    i.DS1302_ReadSec    ds1302_op.o
    0x08000e64   0x00000026   Code   RO         6191    i.DS1302_ReadYear   ds1302_op.o
    0x08000e8a   0x0000002e   Code   RO         6193    i.DS1302_SetDate    ds1302_op.o
    0x08000eb8   0x00000086   Code   RO         6194    i.DS1302_SetHour    ds1302_op.o
    0x08000f3e   0x0000002e   Code   RO         6195    i.DS1302_SetMin     ds1302_op.o
    0x08000f6c   0x0000002e   Code   RO         6196    i.DS1302_SetMon     ds1302_op.o
    0x08000f9a   0x00000036   Code   RO         6197    i.DS1302_SetSec     ds1302_op.o
    0x08000fd0   0x00000026   Code   RO         6198    i.DS1302_SetYear    ds1302_op.o
    0x08000ff6   0x00000002   PAD
    0x08000ff8   0x00000104   Code   RO         6199    i.DS1302_WriteByte  ds1302_op.o
    0x080010fc   0x000002ac   Code   RO         5232    i.DayNight_PeriodofTime  ra8806_ctrl.o
    0x080013a8   0x000000e0   Code   RO         5233    i.DayNight_PeriodofTime_Init  ra8806_ctrl.o
    0x08001488   0x000000e4   Code   RO         5234    i.DayNight_PeriodofTime_Update  ra8806_ctrl.o
    0x0800156c   0x00000002   Code   RO         6288    i.DebugMon_Handler  stm32f10x_it.o
    0x0800156e   0x00000002   PAD
    0x08001570   0x000000c8   Code   RO         6289    i.EXTI0_IRQHandler  stm32f10x_it.o
    0x08001638   0x0000000c   Code   RO          348    i.EXTI_ClearITPendingBit  stm32f10x_exti.o
    0x08001644   0x0000003c   Code   RO         4818    i.EXTI_Config       sys_config.o
    0x08001680   0x00000010   Code   RO          350    i.EXTI_GenerateSWInterrupt  stm32f10x_exti.o
    0x08001690   0x00000028   Code   RO          352    i.EXTI_GetITStatus  stm32f10x_exti.o
    0x080016b8   0x00000094   Code   RO          353    i.EXTI_Init         stm32f10x_exti.o
    0x0800174c   0x00000144   Code   RO         5999    i.FlashMenu_Init    menu_resource.o
    0x08001890   0x0000016c   Code   RO         4819    i.GPIO_Config       sys_config.o
    0x080019fc   0x00000040   Code   RO          404    i.GPIO_EXTILineConfig  stm32f10x_gpio.o
    0x08001a3c   0x00000116   Code   RO          407    i.GPIO_Init         stm32f10x_gpio.o
    0x08001b52   0x00000002   PAD
    0x08001b54   0x00000070   Code   RO         4820    i.GPIO_Initial      sys_config.o
    0x08001bc4   0x00000008   Code   RO          410    i.GPIO_ReadInputData  stm32f10x_gpio.o
    0x08001bcc   0x00000012   Code   RO          411    i.GPIO_ReadInputDataBit  stm32f10x_gpio.o
    0x08001bde   0x00000008   Code   RO          412    i.GPIO_ReadOutputData  stm32f10x_gpio.o
    0x08001be6   0x00000004   Code   RO          414    i.GPIO_ResetBits    stm32f10x_gpio.o
    0x08001bea   0x00000004   Code   RO          415    i.GPIO_SetBits      stm32f10x_gpio.o
    0x08001bee   0x00000004   Code   RO          417    i.GPIO_Write        stm32f10x_gpio.o
    0x08001bf2   0x00000002   PAD
    0x08001bf4   0x00000040   Code   RO         5120    i.Get_CurrentTime   time_op.o
    0x08001c34   0x00000280   Code   RO         5220    i.Get_Schedule      e2prom_op.o
    0x08001eb4   0x00000004   Code   RO         6290    i.HardFault_Handler  stm32f10x_it.o
    0x08001eb8   0x00000048   Code   RO         4821    i.I2C1_Config       sys_config.o
    0x08001f00   0x00000018   Code   RO         1419    i.I2C_Cmd           stm32f10x_i2c.o
    0x08001f18   0x00000038   Code   RO         1422    i.I2C_DeInit        stm32f10x_i2c.o
    0x08001f50   0x000000ec   Code   RO         1433    i.I2C_Init          stm32f10x_i2c.o
    0x0800203c   0x00000040   Code   RO         4964    i.KEY1_OP           key_op.o
    0x0800207c   0x00000044   Code   RO         4965    i.KEY2_OP           key_op.o
    0x080020c0   0x00000040   Code   RO         4966    i.KEY3_OP           key_op.o
    0x08002100   0x00000058   Code   RO         4967    i.KEY4_OP           key_op.o
    0x08002158   0x000000ac   Code   RO         4968    i.KEY5_OP           key_op.o
    0x08002204   0x00000048   Code   RO         4969    i.KEY6_OP           key_op.o
    0x0800224c   0x00000044   Code   RO         4970    i.KEY_PressMinus    key_op.o
    0x08002290   0x00000022   Code   RO         5235    i.LCD_AccessLayer   ra8806_ctrl.o
    0x080022b2   0x0000006a   Code   RO         5238    i.LCD_CGRAM_CreatWord  ra8806_ctrl.o
    0x0800231c   0x0000003c   Code   RO         5239    i.LCD_ClearAppWindow  ra8806_ctrl.o
    0x08002358   0x0000001a   Code   RO         5240    i.LCD_ClearItemAllText  ra8806_ctrl.o
    0x08002372   0x0000001a   Code   RO         5241    i.LCD_ClearItemText  ra8806_ctrl.o
    0x0800238c   0x0000001a   Code   RO         5242    i.LCD_ClearMenuForm  ra8806_ctrl.o
    0x080023a6   0x0000001a   Code   RO         5243    i.LCD_ClearMenuText  ra8806_ctrl.o
    0x080023c0   0x0000001c   Code   RO         5244    i.LCD_DDRAMs_ShowRule  ra8806_ctrl.o
    0x080023dc   0x0000016c   Code   RO         5245    i.LCD_DisplayMainPannel  ra8806_ctrl.o
    0x08002548   0x000000c2   Code   RO         5247    i.LCD_DrawForm      ra8806_ctrl.o
    0x0800260a   0x00000176   Code   RO         5250    i.LCD_DrawRectangle  ra8806_ctrl.o
    0x08002780   0x00000016   Code   RO         5251    i.LCD_EliminateFlickerOFF  ra8806_ctrl.o
    0x08002796   0x00000028   Code   RO         5253    i.LCD_FillAppWindow  ra8806_ctrl.o
    0x080027be   0x00000002   PAD
    0x080027c0   0x0000001c   Code   RO         5254    i.LCD_IconInit      ra8806_ctrl.o
    0x080027dc   0x000000d2   Code   RO         5255    i.LCD_Init          ra8806_ctrl.o
    0x080028ae   0x00000002   PAD
    0x080028b0   0x0000009c   Code   RO         5256    i.LCD_InterfaceInit  ra8806_ctrl.o
    0x0800294c   0x00000016   Code   RO         5257    i.LCD_Inv           ra8806_ctrl.o
    0x08002962   0x00000002   PAD
    0x08002964   0x00000334   Code   RO         5258    i.LCD_LedGPIO       ra8806_ctrl.o
    0x08002c98   0x000001e8   Code   RO         5259    i.LCD_LedGPIO_Init  ra8806_ctrl.o
    0x08002e80   0x000000d0   Code   RO         5260    i.LCD_LedGPIO_Update  ra8806_ctrl.o
    0x08002f50   0x0000001c   Code   RO         5261    i.LCD_NoInv         ra8806_ctrl.o
    0x08002f6c   0x00000108   Code   RO         4971    i.LCD_NorItem       key_op.o
    0x08003074   0x0000001c   Code   RO         5263    i.LCD_PicsMode      ra8806_ctrl.o
    0x08003090   0x00000094   Code   RO         5264    i.LCD_ReadData      ra8806_ctrl.o
    0x08003124   0x00000014   Code   RO         5265    i.LCD_ReadREG       ra8806_ctrl.o
    0x08003138   0x00000120   Code   RO         4972    i.LCD_RefreshItem   key_op.o
    0x08003258   0x00000044   Code   RO         5267    i.LCD_Reset         ra8806_ctrl.o
    0x0800329c   0x00000030   Code   RO         5269    i.LCD_SetAppwindow  ra8806_ctrl.o
    0x080032cc   0x00000018   Code   RO         5270    i.LCD_SetCursor     ra8806_ctrl.o
    0x080032e4   0x0000001c   Code   RO         5273    i.LCD_ShowLayer     ra8806_ctrl.o
    0x08003300   0x00000030   Code   RO         5275    i.LCD_TextBold      ra8806_ctrl.o
    0x08003330   0x00000032   Code   RO         5277    i.LCD_TextMode      ra8806_ctrl.o
    0x08003362   0x00000002   PAD
    0x08003364   0x000003f0   Code   RO         5278    i.LCD_UpdateInfo    ra8806_ctrl.o
    0x08003754   0x0000001c   Code   RO         5281    i.LCD_WriteChar1    ra8806_ctrl.o
    0x08003770   0x00000028   Code   RO         5282    i.LCD_WriteChar2    ra8806_ctrl.o
    0x08003798   0x0000006c   Code   RO         5283    i.LCD_WriteCommand  ra8806_ctrl.o
    0x08003804   0x0000006c   Code   RO         5284    i.LCD_WriteData     ra8806_ctrl.o
    0x08003870   0x00000014   Code   RO         5286    i.LCD_WriteREG      ra8806_ctrl.o
    0x08003884   0x00000028   Code   RO         5287    i.LCD_WriteText1    ra8806_ctrl.o
    0x080038ac   0x0000003e   Code   RO         5288    i.LCD_WriteText2    ra8806_ctrl.o
    0x080038ea   0x00000056   Code   RO         5289    i.LCD_WriteWordFromCGRAM  ra8806_ctrl.o
    0x08003940   0x0000015c   Code   RO         6000    i.LEDColorMenu_Init  menu_resource.o
    0x08003a9c   0x00000230   Code   RO         5290    i.LED_Check         ra8806_ctrl.o
    0x08003ccc   0x00000044   Code   RO         5291    i.LED_Check_Update  ra8806_ctrl.o
    0x08003d10   0x00000034   Code   RO         5292    i.LED_Check_datainit  ra8806_ctrl.o
    0x08003d44   0x000000a8   Code   RO         5293    i.LED_Check_interfaceinit  ra8806_ctrl.o
    0x08003dec   0x000000f4   Code   RO         5294    i.LED_Check_main    ra8806_ctrl.o
    0x08003ee0   0x0000011c   Code   RO         5068    i.LED_HalfSec_Display  led_op.o
    0x08003ffc   0x00000210   Code   RO         5069    i.LED_Init          led_op.o
    0x0800420c   0x00000350   Code   RO         5070    i.LED_Interpretation  led_op.o
    0x0800455c   0x0000008c   Code   RO         5071    i.LED_Sec_Display   led_op.o
    0x080045e8   0x0000002c   Code   RO         5072    i.LE_sel            led_op.o
    0x08004614   0x00000070   Code   RO         6137    i.LwIP_Init         netconf.o
    0x08004684   0x00000374   Code   RO         6001    i.MainMenu_Init     menu_resource.o
    0x080049f8   0x00000150   Code   RO         6002    i.ManualModeMenu_Init  menu_resource.o
    0x08004b48   0x000000cc   Code   RO         5295    i.ManualMode_CutDown  ra8806_ctrl.o
    0x08004c14   0x0000003c   Code   RO         5296    i.ManualMode_CutDown_init  ra8806_ctrl.o
    0x08004c50   0x00000070   Code   RO         5297    i.ManualMode_CutDown_interfaceinit  ra8806_ctrl.o
    0x08004cc0   0x00000080   Code   RO         5298    i.ManualMode_CutDown_main  ra8806_ctrl.o
    0x08004d40   0x00000158   Code   RO         5299    i.ManualMode_TimePhase  ra8806_ctrl.o
    0x08004e98   0x000000b8   Code   RO         5300    i.ManualMode_TimePhase_Update  ra8806_ctrl.o
    0x08004f50   0x0000003c   Code   RO         5301    i.ManualMode_TimePhase_datainit  ra8806_ctrl.o
    0x08004f8c   0x000000c0   Code   RO         5302    i.ManualMode_TimePhase_interface  ra8806_ctrl.o
    0x0800504c   0x000000f4   Code   RO         5303    i.ManualMode_TimePhase_main  ra8806_ctrl.o
    0x08005140   0x00000004   Code   RO         6291    i.MemManage_Handler  stm32f10x_it.o
    0x08005144   0x0000005c   Code   RO         5304    i.MenuLock_Update   ra8806_ctrl.o
    0x080051a0   0x000000a0   Code   RO         5305    i.MenuLock_init     ra8806_ctrl.o
    0x08005240   0x00000024   Code   RO         6003    i.Menu_Init         menu_resource.o
    0x08005264   0x0000010c   Code   RO         5306    i.Menu_Lock         ra8806_ctrl.o
    0x08005370   0x00000002   Code   RO         6292    i.NMI_Handler       stm32f10x_it.o
    0x08005372   0x00000086   Code   RO         4822    i.NVIC_Config       sys_config.o
    0x080053f8   0x00000070   Code   RO            1    i.NVIC_Init         misc.o
    0x08005468   0x00000014   Code   RO            2    i.NVIC_PriorityGroupConfig  misc.o
    0x0800547c   0x00000014   Code   RO            3    i.NVIC_SetVectorTable  misc.o
    0x08005490   0x0000015c   Code   RO         4669    i.OSDebugInit       os_dbg.o
    0x080055ec   0x00000038   Code   RO         3789    i.OSInit            os_core.o
    0x08005624   0x00000030   Code   RO         4573    i.OSInitHookBegin   os_cpu_c.o
    0x08005654   0x00000002   Code   RO         4574    i.OSInitHookEnd     os_cpu_c.o
    0x08005656   0x00000002   PAD
    0x08005658   0x00000024   Code   RO         3790    i.OSIntEnter        os_core.o
    0x0800567c   0x00000090   Code   RO         3791    i.OSIntExit         os_core.o
    0x0800570c   0x00000050   Code   RO         4076    i.OSMboxCreate      os_mbox.o
    0x0800575c   0x0000011c   Code   RO         4078    i.OSMboxPend        os_mbox.o
    0x08005878   0x0000005c   Code   RO         4080    i.OSMboxPost        os_mbox.o
    0x080058d4   0x0000009c   Code   RO         4225    i.OSQCreate         os_q.o
    0x08005970   0x00000138   Code   RO         4228    i.OSQPend           os_q.o
    0x08005aa8   0x00000078   Code   RO         4230    i.OSQPost           os_q.o
    0x08005b20   0x00000050   Code   RO         4297    i.OSSemCreate       os_sem.o
    0x08005b70   0x00000104   Code   RO         4299    i.OSSemPend         os_sem.o
    0x08005c74   0x0000005e   Code   RO         4301    i.OSSemPost         os_sem.o
    0x08005cd2   0x00000002   PAD
    0x08005cd4   0x00000048   Code   RO         3794    i.OSStart           os_core.o
    0x08005d1c   0x0000000c   Code   RO         4575    i.OSTCBInitHook     os_cpu_c.o
    0x08005d28   0x000000ac   Code   RO         4351    i.OSTaskCreate      os_task.o
    0x08005dd4   0x000000c0   Code   RO         4352    i.OSTaskCreateExt   os_task.o
    0x08005e94   0x0000000c   Code   RO         4576    i.OSTaskCreateHook  os_cpu_c.o
    0x08005ea0   0x00000174   Code   RO         4353    i.OSTaskDel         os_task.o
    0x08006014   0x0000000c   Code   RO         4577    i.OSTaskDelHook     os_cpu_c.o
    0x08006020   0x00000008   Code   RO         4578    i.OSTaskIdleHook    os_cpu_c.o
    0x08006028   0x000000ac   Code   RO         4356    i.OSTaskNameSet     os_task.o
    0x080060d4   0x000000b4   Code   RO         4358    i.OSTaskResume      os_task.o
    0x08006188   0x0000000c   Code   RO         4579    i.OSTaskReturnHook  os_cpu_c.o
    0x08006194   0x00000008   Code   RO         4580    i.OSTaskStatHook    os_cpu_c.o
    0x0800619c   0x000000a0   Code   RO         4359    i.OSTaskStkChk      os_task.o
    0x0800623c   0x0000009c   Code   RO         4581    i.OSTaskStkInit     os_cpu_c.o
    0x080062d8   0x000000bc   Code   RO         4360    i.OSTaskSuspend     os_task.o
    0x08006394   0x00000008   Code   RO         4582    i.OSTaskSwHook      os_cpu_c.o
    0x0800639c   0x00000070   Code   RO         4434    i.OSTimeDly         os_time.o
    0x0800640c   0x0000001c   Code   RO         4437    i.OSTimeGet         os_time.o
    0x08006428   0x000000ec   Code   RO         3796    i.OSTimeTick        os_core.o
    0x08006514   0x00000028   Code   RO         4583    i.OSTimeTickHook    os_cpu_c.o
    0x0800653c   0x00000014   Code   RO         4474    i.OSTmrSignal       os_tmr.o
    0x08006550   0x000000ac   Code   RO         4480    i.OSTmr_Init        os_tmr.o
    0x080065fc   0x00000050   Code   RO         4481    i.OSTmr_InitTask    os_tmr.o
    0x0800664c   0x0000006c   Code   RO         4482    i.OSTmr_Link        os_tmr.o
    0x080066b8   0x00000014   Code   RO         4483    i.OSTmr_Lock        os_tmr.o
    0x080066cc   0x0000007c   Code   RO         4484    i.OSTmr_Task        os_tmr.o
    0x08006748   0x00000044   Code   RO         4485    i.OSTmr_Unlink      os_tmr.o
    0x0800678c   0x00000010   Code   RO         4486    i.OSTmr_Unlock      os_tmr.o
    0x0800679c   0x00000030   Code   RO         4584    i.OS_CPU_SysTickInit  os_cpu_c.o
    0x080067cc   0x00000002   Code   RO         3798    i.OS_Dummy          os_core.o
    0x080067ce   0x00000002   PAD
    0x080067d0   0x00000090   Code   RO         3799    i.OS_EventTaskRdy   os_core.o
    0x08006860   0x0000002a   Code   RO         3800    i.OS_EventTaskRemove  os_core.o
    0x0800688a   0x0000003a   Code   RO         3801    i.OS_EventTaskRemoveMulti  os_core.o
    0x080068c4   0x0000007c   Code   RO         3802    i.OS_EventTaskWait  os_core.o
    0x08006940   0x0000001c   Code   RO         3804    i.OS_EventWaitListInit  os_core.o
    0x0800695c   0x0000004c   Code   RO         4003    i.OS_FlagInit       os_flag.o
    0x080069a8   0x00000024   Code   RO         4005    i.OS_FlagUnlink     os_flag.o
    0x080069cc   0x00000040   Code   RO         3805    i.OS_InitEventList  os_core.o
    0x08006a0c   0x00000054   Code   RO         3806    i.OS_InitMisc       os_core.o
    0x08006a60   0x00000048   Code   RO         3807    i.OS_InitRdyList    os_core.o
    0x08006aa8   0x00000068   Code   RO         3808    i.OS_InitTCBList    os_core.o
    0x08006b10   0x00000050   Code   RO         3809    i.OS_InitTaskIdle   os_core.o
    0x08006b60   0x00000050   Code   RO         3810    i.OS_InitTaskStat   os_core.o
    0x08006bb0   0x00000012   Code   RO         3811    i.OS_MemClr         os_core.o
    0x08006bc2   0x00000002   PAD
    0x08006bc4   0x0000004c   Code   RO         4135    i.OS_MemInit        os_mem.o
    0x08006c10   0x00000038   Code   RO         4234    i.OS_QInit          os_q.o
    0x08006c48   0x00000074   Code   RO         3813    i.OS_Sched          os_core.o
    0x08006cbc   0x0000002c   Code   RO         3814    i.OS_SchedNew       os_core.o
    0x08006ce8   0x0000001c   Code   RO         3815    i.OS_StrCopy        os_core.o
    0x08006d04   0x00000014   Code   RO         3816    i.OS_StrLen         os_core.o
    0x08006d18   0x00000120   Code   RO         3817    i.OS_TCBInit        os_core.o
    0x08006e38   0x00000024   Code   RO         3818    i.OS_TaskIdle       os_core.o
    0x08006e5c   0x00000018   Code   RO         4361    i.OS_TaskReturn     os_task.o
    0x08006e74   0x00000088   Code   RO         3819    i.OS_TaskStat       os_core.o
    0x08006efc   0x0000003c   Code   RO         3820    i.OS_TaskStatStkChk  os_core.o
    0x08006f38   0x0000001a   Code   RO         4362    i.OS_TaskStkClr     os_task.o
    0x08006f52   0x00000002   PAD
    0x08006f54   0x0000000c   Code   RO          515    i.PWR_BackupAccessCmd  stm32f10x_pwr.o
    0x08006f60   0x00000138   Code   RO         6004    i.PeriodOfTimeMenu_Init  menu_resource.o
    0x08007098   0x00000144   Code   RO         6005    i.PhaseMenu_Init    menu_resource.o
    0x080071dc   0x00000020   Code   RO          577    i.RCC_APB1PeriphClockCmd  stm32f10x_rcc.o
    0x080071fc   0x00000020   Code   RO          578    i.RCC_APB1PeriphResetCmd  stm32f10x_rcc.o
    0x0800721c   0x00000020   Code   RO          579    i.RCC_APB2PeriphClockCmd  stm32f10x_rcc.o
    0x0800723c   0x00000020   Code   RO          580    i.RCC_APB2PeriphResetCmd  stm32f10x_rcc.o
    0x0800725c   0x0000000c   Code   RO          582    i.RCC_BackupResetCmd  stm32f10x_rcc.o
    0x08007268   0x00000058   Code   RO         4823    i.RCC_Config        sys_config.o
    0x080072c0   0x0000004c   Code   RO          586    i.RCC_DeInit        stm32f10x_rcc.o
    0x0800730c   0x000000d4   Code   RO          587    i.RCC_GetClocksFreq  stm32f10x_rcc.o
    0x080073e0   0x0000003c   Code   RO          588    i.RCC_GetFlagStatus  stm32f10x_rcc.o
    0x0800741c   0x00000018   Code   RO          591    i.RCC_HCLKConfig    stm32f10x_rcc.o
    0x08007434   0x0000004c   Code   RO          592    i.RCC_HSEConfig     stm32f10x_rcc.o
    0x08007480   0x00000034   Code   RO          595    i.RCC_LSEConfig     stm32f10x_rcc.o
    0x080074b4   0x00000018   Code   RO          598    i.RCC_PCLK1Config   stm32f10x_rcc.o
    0x080074cc   0x00000018   Code   RO          599    i.RCC_PCLK2Config   stm32f10x_rcc.o
    0x080074e4   0x0000000c   Code   RO          600    i.RCC_PLLCmd        stm32f10x_rcc.o
    0x080074f0   0x0000001c   Code   RO          601    i.RCC_PLLConfig     stm32f10x_rcc.o
    0x0800750c   0x0000000c   Code   RO          602    i.RCC_RTCCLKCmd     stm32f10x_rcc.o
    0x08007518   0x00000010   Code   RO          603    i.RCC_RTCCLKConfig  stm32f10x_rcc.o
    0x08007528   0x00000018   Code   RO          604    i.RCC_SYSCLKConfig  stm32f10x_rcc.o
    0x08007540   0x00000038   Code   RO          606    i.RCC_WaitForHSEStartUp  stm32f10x_rcc.o
    0x08007578   0x00000100   Code   RO         6006    i.RTCSetMenu_Init   menu_resource.o
    0x08007678   0x00000010   Code   RO          776    i.RTC_ClearITPendingBit  stm32f10x_rtc.o
    0x08007688   0x00000070   Code   RO         4824    i.RTC_Config        sys_config.o
    0x080076f8   0x00000014   Code   RO          777    i.RTC_EnterConfigMode  stm32f10x_rtc.o
    0x0800770c   0x00000014   Code   RO          778    i.RTC_ExitConfigMode  stm32f10x_rtc.o
    0x08007720   0x00000014   Code   RO          779    i.RTC_GetCounter    stm32f10x_rtc.o
    0x08007734   0x00000018   Code   RO          781    i.RTC_GetFlagStatus  stm32f10x_rtc.o
    0x0800774c   0x00000088   Code   RO         6293    i.RTC_IRQHandler    stm32f10x_it.o
    0x080077d4   0x00000020   Code   RO          783    i.RTC_ITConfig      stm32f10x_rtc.o
    0x080077f4   0x0000001c   Code   RO          785    i.RTC_SetCounter    stm32f10x_rtc.o
    0x08007810   0x000005dc   Code   RO         5307    i.RTC_SetDate       ra8806_ctrl.o
    0x08007dec   0x0000010c   Code   RO         5308    i.RTC_SetDate_Init  ra8806_ctrl.o
    0x08007ef8   0x00000180   Code   RO         5309    i.RTC_SetDate_Update  ra8806_ctrl.o
    0x08008078   0x00000020   Code   RO          786    i.RTC_SetPrescaler  stm32f10x_rtc.o
    0x08008098   0x00000014   Code   RO          787    i.RTC_WaitForLastTask  stm32f10x_rtc.o
    0x080080ac   0x00000024   Code   RO          788    i.RTC_WaitForSynchro  stm32f10x_rtc.o
    0x080080d0   0x00000054   Code   RO         4826    i.SPI1_Config       sys_config.o
    0x08008124   0x00000038   Code   RO         6173    i.SPI1_ReadWrite    spi_op.o
    0x0800815c   0x00000018   Code   RO         1616    i.SPI_Cmd           stm32f10x_spi.o
    0x08008174   0x00000012   Code   RO         1624    i.SPI_I2S_GetFlagStatus  stm32f10x_spi.o
    0x08008186   0x00000006   Code   RO         1627    i.SPI_I2S_ReceiveData  stm32f10x_spi.o
    0x0800818c   0x00000004   Code   RO         1628    i.SPI_I2S_SendData  stm32f10x_spi.o
    0x08008190   0x0000003c   Code   RO         1629    i.SPI_Init          stm32f10x_spi.o
    0x080081cc   0x00000002   Code   RO         6294    i.SVC_Handler       stm32f10x_it.o
    0x080081ce   0x00000008   Code   RO         1805    i.SetSysClock       system_stm32f10x.o
    0x080081d6   0x00000002   PAD
    0x080081d8   0x000000e0   Code   RO         1806    i.SetSysClockTo72   system_stm32f10x.o
    0x080082b8   0x00000134   Code   RO         5310    i.Set_FlashAllowence  ra8806_ctrl.o
    0x080083ec   0x0000018c   Code   RO         5311    i.Set_FlashAllowence_Interface  ra8806_ctrl.o
    0x08008578   0x00000044   Code   RO         4585    i.SysTick_Handler   os_cpu_c.o
    0x080085bc   0x00000060   Code   RO         1808    i.SystemInit        system_stm32f10x.o
    0x0800861c   0x00000074   Code   RO         6295    i.TIM2_IRQHandler   stm32f10x_it.o
    0x08008690   0x000001ec   Code   RO         6296    i.TIM6_IRQHandler   stm32f10x_it.o
    0x0800887c   0x00000018   Code   RO          869    i.TIM_ARRPreloadConfig  stm32f10x_tim.o
    0x08008894   0x0000005c   Code   RO         4827    i.TIM_Basic_Config  sys_config.o
    0x080088f0   0x00000006   Code   RO          875    i.TIM_ClearFlag     stm32f10x_tim.o
    0x080088f6   0x00000006   Code   RO          876    i.TIM_ClearITPendingBit  stm32f10x_tim.o
    0x080088fc   0x00000018   Code   RO          881    i.TIM_Cmd           stm32f10x_tim.o
    0x08008914   0x0000007e   Code   RO         4828    i.TIM_Config        sys_config.o
    0x08008992   0x00000002   PAD
    0x08008994   0x000001e8   Code   RO          886    i.TIM_DeInit        stm32f10x_tim.o
    0x08008b7c   0x00000012   Code   RO          901    i.TIM_GetFlagStatus  stm32f10x_tim.o
    0x08008b8e   0x00000012   Code   RO          906    i.TIM_ITConfig      stm32f10x_tim.o
    0x08008ba0   0x0000000c   Code   RO          908    i.TIM_InternalClockConfig  stm32f10x_tim.o
    0x08008bac   0x000000a4   Code   RO          915    i.TIM_OC2Init       stm32f10x_tim.o
    0x08008c50   0x00000012   Code   RO          937    i.TIM_SelectOnePulseMode  stm32f10x_tim.o
    0x08008c62   0x00000002   PAD
    0x08008c64   0x000000a4   Code   RO          952    i.TIM_TimeBaseInit  stm32f10x_tim.o
    0x08008d08   0x00000018   Code   RO          955    i.TIM_UpdateRequestConfig  stm32f10x_tim.o
    0x08008d20   0x000000e0   Code   RO         6007    i.TimeSetMenu_Init  menu_resource.o
    0x08008e00   0x00000018   Code   RO         5121    i.Time_ConvCalendarToUnix  time_op.o
    0x08008e18   0x00000020   Code   RO         5122    i.Time_ConvUnixToCalendar  time_op.o
    0x08008e38   0x00000008   Code   RO         5123    i.Time_GetUnixTime  time_op.o
    0x08008e40   0x00000084   Code   RO         5124    i.Time_JudgeDayOrNight  time_op.o
    0x08008ec4   0x000000b0   Code   RO         5125    i.Time_JudgeTimeTable  time_op.o
    0x08008f74   0x00000026   Code   RO         5126    i.Time_SetCalendarTime  time_op.o
    0x08008f9a   0x00000014   Code   RO         5127    i.Time_SetUnixTime  time_op.o
    0x08008fae   0x00000018   Code   RO           93    i.USART_Cmd         stm32f10x_usart.o
    0x08008fc6   0x00000002   PAD
    0x08008fc8   0x00000038   Code   RO         4829    i.USART_Config      sys_config.o
    0x08009000   0x000000d8   Code   RO          100    i.USART_Init        stm32f10x_usart.o
    0x080090d8   0x00000008   Code   RO          110    i.USART_SendData    stm32f10x_usart.o
    0x080090e0   0x00000004   Code   RO         6297    i.UsageFault_Handler  stm32f10x_it.o
    0x080090e4   0x000000c8   Code   RO         4939    i.Var_Init          ex_var.o
    0x080091ac   0x00000020   Code   RO         6477    i.__0printf$3       mc_w.l(printf3.o)
    0x080091cc   0x00000028   Code   RO         6479    i.__0sprintf$3      mc_w.l(printf3.o)
    0x080091f4   0x0000000e   Code   RO         6748    i.__scatterload_copy  mc_w.l(handlers.o)
    0x08009202   0x00000002   Code   RO         6749    i.__scatterload_null  mc_w.l(handlers.o)
    0x08009204   0x0000000e   Code   RO         6750    i.__scatterload_zeroinit  mc_w.l(handlers.o)
    0x08009212   0x00000002   PAD
    0x08009214   0x000001b8   Code   RO         6484    i._printf_core      mc_w.l(printf3.o)
    0x080093cc   0x0000000a   Code   RO         6486    i._sputc            mc_w.l(printf3.o)
    0x080093d6   0x00000002   PAD
    0x080093d8   0x0000032c   Code   RO         5312    i.add_period        ra8806_ctrl.o
    0x08009704   0x00000034   Code   RO         5313    i.add_period_datainit  ra8806_ctrl.o
    0x08009738   0x00000138   Code   RO         5314    i.add_period_interface  ra8806_ctrl.o
    0x08009870   0x0000007c   Code   RO         5315    i.add_period_main   ra8806_ctrl.o
    0x080098ec   0x000000f0   Code   RO         5316    i.add_period_update  ra8806_ctrl.o
    0x080099dc   0x00000424   Code   RO         5317    i.add_phase         ra8806_ctrl.o
    0x08009e00   0x00000034   Code   RO         5318    i.add_phase_datainit  ra8806_ctrl.o
    0x08009e34   0x00000158   Code   RO         5319    i.add_phase_interface  ra8806_ctrl.o
    0x08009f8c   0x0000007c   Code   RO         5320    i.add_phase_main    ra8806_ctrl.o
    0x0800a008   0x00000128   Code   RO         5321    i.add_phase_update  ra8806_ctrl.o
    0x0800a130   0x00000138   Code   RO         5322    i.dayflash          ra8806_ctrl.o
    0x0800a268   0x0000018c   Code   RO         5323    i.dayflash_Interface  ra8806_ctrl.o
    0x0800a3f4   0x0000004c   Code   RO         5324    i.dayflash_datainit  ra8806_ctrl.o
    0x0800a440   0x0000006c   Code   RO         5325    i.dayflash_main     ra8806_ctrl.o
    0x0800a4ac   0x0000024c   Code   RO         5326    i.del_period        ra8806_ctrl.o
    0x0800a6f8   0x0000006c   Code   RO         5327    i.del_period_datainit  ra8806_ctrl.o
    0x0800a764   0x00000130   Code   RO         5328    i.del_period_interface  ra8806_ctrl.o
    0x0800a894   0x00000078   Code   RO         5329    i.del_period_main   ra8806_ctrl.o
    0x0800a90c   0x00000230   Code   RO         5330    i.del_period_update  ra8806_ctrl.o
    0x0800ab3c   0x0000050c   Code   RO         5331    i.del_phase         ra8806_ctrl.o
    0x0800b048   0x00000070   Code   RO         5332    i.del_phase_datainit  ra8806_ctrl.o
    0x0800b0b8   0x000001a0   Code   RO         5333    i.del_phase_interface  ra8806_ctrl.o
    0x0800b258   0x00000080   Code   RO         5334    i.del_phase_main    ra8806_ctrl.o
    0x0800b2d8   0x000002b4   Code   RO         5335    i.del_phase_update  ra8806_ctrl.o
    0x0800b58c   0x0000000c   Code   RO         4915    i.delay             delay.o
    0x0800b598   0x00000018   Code   RO         4916    i.delay_100ns       delay.o
    0x0800b5b0   0x00000018   Code   RO         4917    i.delay_us          delay.o
    0x0800b5c8   0x00000034   Code   RO         4973    i.disp_frame1       key_op.o
    0x0800b5fc   0x00000052   Code   RO         4974    i.disp_frame2       key_op.o
    0x0800b64e   0x00000002   PAD
    0x0800b650   0x00000078   Code   RO         4975    i.disp_help1        key_op.o
    0x0800b6c8   0x00000094   Code   RO         4976    i.disp_help2        key_op.o
    0x0800b75c   0x00000104   Code   RO         4977    i.disp_item         key_op.o
    0x0800b860   0x00000040   Code   RO         6060    i.e2prom_check_busy  at24c64_op.o
    0x0800b8a0   0x0000017c   Code   RO         6062    i.e2prom_read_bytes  at24c64_op.o
    0x0800ba1c   0x0000005c   Code   RO         6065    i.e2prom_send_data  at24c64_op.o
    0x0800ba78   0x00000048   Code   RO         6066    i.e2prom_start_condition  at24c64_op.o
    0x0800bac0   0x00000040   Code   RO         6067    i.e2prom_stop_condition  at24c64_op.o
    0x0800bb00   0x0000005c   Code   RO         6068    i.e2prom_waitfor_ack  at24c64_op.o
    0x0800bb5c   0x000000be   Code   RO         6070    i.e2prom_write_bytes  at24c64_op.o
    0x0800bc1a   0x00000002   PAD
    0x0800bc1c   0x00000248   Code   RO         3481    i.enc28j60Init      enc28j60.o
    0x0800be64   0x000000c0   Code   RO         3482    i.enc28j60PacketReceive  enc28j60.o
    0x0800bf24   0x0000007c   Code   RO         3483    i.enc28j60PacketSend  enc28j60.o
    0x0800bfa0   0x00000048   Code   RO         3484    i.enc28j60PhyRead   enc28j60.o
    0x0800bfe8   0x00000032   Code   RO         3485    i.enc28j60PhyWrite  enc28j60.o
    0x0800c01a   0x00000014   Code   RO         3486    i.enc28j60Read      enc28j60.o
    0x0800c02e   0x00000002   PAD
    0x0800c030   0x00000038   Code   RO         3487    i.enc28j60ReadBuffer  enc28j60.o
    0x0800c068   0x00000044   Code   RO         3488    i.enc28j60ReadOp    enc28j60.o
    0x0800c0ac   0x00000034   Code   RO         3489    i.enc28j60SetBank   enc28j60.o
    0x0800c0e0   0x00000018   Code   RO         3490    i.enc28j60Write     enc28j60.o
    0x0800c0f8   0x00000030   Code   RO         3491    i.enc28j60WriteBuffer  enc28j60.o
    0x0800c128   0x00000038   Code   RO         3492    i.enc28j60WriteOp   enc28j60.o
    0x0800c160   0x00000170   Code   RO         3318    i.etharp_arp_input  etharp.o
    0x0800c2d0   0x000001a4   Code   RO         3321    i.etharp_find_entry  etharp.o
    0x0800c474   0x00000040   Code   RO         3322    i.etharp_free_entry  etharp.o
    0x0800c4b4   0x00000174   Code   RO         3323    i.etharp_output     etharp.o
    0x0800c628   0x00000080   Code   RO         3324    i.etharp_output_to_arp_index  etharp.o
    0x0800c6a8   0x000001b0   Code   RO         3325    i.etharp_query      etharp.o
    0x0800c858   0x000000e8   Code   RO         3326    i.etharp_raw        etharp.o
    0x0800c940   0x0000002c   Code   RO         3328    i.etharp_request    etharp.o
    0x0800c96c   0x00000044   Code   RO         3329    i.etharp_send_ip    etharp.o
    0x0800c9b0   0x00000090   Code   RO         3330    i.etharp_tmr        etharp.o
    0x0800ca40   0x000000dc   Code   RO         3331    i.etharp_update_arp_entry  etharp.o
    0x0800cb1c   0x000000ec   Code   RO         3332    i.ethernet_input    etharp.o
    0x0800cc08   0x0000004c   Code   RO         3424    i.ethernetif_init   ethernetif.o
    0x0800cc54   0x00000056   Code   RO         3425    i.ethernetif_input  ethernetif.o
    0x0800ccaa   0x00000002   PAD
    0x0800ccac   0x00000048   Code   RO         5336    i.flash_allowed_datainit  ra8806_ctrl.o
    0x0800ccf4   0x0000006c   Code   RO         5337    i.flash_allowed_main  ra8806_ctrl.o
    0x0800cd60   0x000000a0   Code   RO         5338    i.flashfunc_update  ra8806_ctrl.o
    0x0800ce00   0x00000024   Code   RO         5183    i.fputc             usart_op.o
    0x0800ce24   0x00000050   Code   RO         6649    i.free              mc_w.l(malloc.o)
    0x0800ce74   0x00000012   Code   RO         3034    i.icmp_dest_unreach  icmp.o
    0x0800ce86   0x00000002   PAD
    0x0800ce88   0x00000220   Code   RO         3035    i.icmp_input        icmp.o
    0x0800d0a8   0x0000008c   Code   RO         3036    i.icmp_send_response  icmp.o
    0x0800d134   0x00000012   Code   RO         3037    i.icmp_time_exceeded  icmp.o
    0x0800d146   0x00000014   Code   RO         3082    i.inet_chksum       inet_chksum.o
    0x0800d15a   0x00000056   Code   RO         3083    i.inet_chksum_pbuf  inet_chksum.o
    0x0800d1b0   0x000000a2   Code   RO         3084    i.inet_chksum_pseudo  inet_chksum.o
    0x0800d252   0x0000004e   Code   RO         3162    i.ip4_addr_isbroadcast  ip_addr.o
    0x0800d2a0   0x000001c4   Code   RO         3215    i.ip_frag           ip_frag.o
    0x0800d464   0x0000000a   Code   RO         3216    i.ip_frag_alloc_pbuf_custom_ref  ip_frag.o
    0x0800d46e   0x00000018   Code   RO         3217    i.ip_frag_free_pbuf_custom_ref  ip_frag.o
    0x0800d486   0x00000002   PAD
    0x0800d488   0x0000023c   Code   RO         3123    i.ip_input          ip.o
    0x0800d6c4   0x00000058   Code   RO         3124    i.ip_output         ip.o
    0x0800d71c   0x0000013c   Code   RO         3125    i.ip_output_if      ip.o
    0x0800d858   0x000001d4   Code   RO         3218    i.ip_reass          ip_frag.o
    0x0800da2c   0x000001a8   Code   RO         3219    i.ip_reass_chain_frag_into_datagram_and_validate  ip_frag.o
    0x0800dbd4   0x00000034   Code   RO         3220    i.ip_reass_dequeue_datagram  ip_frag.o
    0x0800dc08   0x00000064   Code   RO         3221    i.ip_reass_enqueue_new_datagram  ip_frag.o
    0x0800dc6c   0x000000d8   Code   RO         3222    i.ip_reass_free_complete_datagram  ip_frag.o
    0x0800dd44   0x0000007c   Code   RO         3223    i.ip_reass_remove_oldest_datagram  ip_frag.o
    0x0800ddc0   0x00000068   Code   RO         3126    i.ip_route          ip.o
    0x0800de28   0x0000002e   Code   RO         3225    i.ipfrag_free_pbuf_custom  ip_frag.o
    0x0800de56   0x00000026   Code   RO         5339    i.keyfunction_clear_help  ra8806_ctrl.o
    0x0800de7c   0x0000002e   Code   RO         5340    i.keyfunction_help  ra8806_ctrl.o
    0x0800deaa   0x00000002   PAD
    0x0800deac   0x00000038   Code   RO         5073    i.ledgpio_map_check_used  led_op.o
    0x0800dee4   0x00000048   Code   RO         5341    i.ledgpio_saveto_e2prom  ra8806_ctrl.o
    0x0800df2c   0x00000054   Code   RO         3426    i.low_level_init    ethernetif.o
    0x0800df80   0x00000050   Code   RO         3427    i.low_level_input   ethernetif.o
    0x0800dfd0   0x00000038   Code   RO         3428    i.low_level_output  ethernetif.o
    0x0800e008   0x000000b4   Code   RO         6138    i.lwip_eth_poll     netconf.o
    0x0800e0bc   0x0000001a   Code   RO         1918    i.lwip_htonl        def.o
    0x0800e0d6   0x0000000c   Code   RO         1919    i.lwip_htons        def.o
    0x0800e0e2   0x0000000c   Code   RO         1920    i.lwip_ntohl        def.o
    0x0800e0ee   0x0000000c   Code   RO         1921    i.lwip_ntohs        def.o
    0x0800e0fa   0x0000005e   Code   RO         3086    i.lwip_standard_chksum  inet_chksum.o
    0x0800e158   0x00000158   Code   RO         4684    i.main              main.o
    0x0800e2b0   0x0000006c   Code   RO         6650    i.malloc            mc_w.l(malloc.o)
    0x0800e31c   0x00000022   Code   RO         2060    i.mem_calloc        mem.o
    0x0800e33e   0x00000002   PAD
    0x0800e340   0x000000a0   Code   RO         2061    i.mem_free          mem.o
    0x0800e3e0   0x00000064   Code   RO         2062    i.mem_init          mem.o
    0x0800e444   0x00000184   Code   RO         2063    i.mem_malloc        mem.o
    0x0800e5c8   0x00000188   Code   RO         2064    i.mem_trim          mem.o
    0x0800e750   0x00000044   Code   RO         2108    i.memp_free         memp.o
    0x0800e794   0x00000098   Code   RO         2109    i.memp_init         memp.o
    0x0800e82c   0x000000ac   Code   RO         2110    i.memp_malloc       memp.o
    0x0800e8d8   0x00000098   Code   RO         4978    i.menu_keywork_mode1  key_op.o
    0x0800e970   0x00000090   Code   RO         4979    i.menu_keywork_mode2  key_op.o
    0x0800ea00   0x00000074   Code   RO         2150    i.netif_add         netif.o
    0x0800ea74   0x00000028   Code   RO         2154    i.netif_set_addr    netif.o
    0x0800ea9c   0x0000000c   Code   RO         2155    i.netif_set_default  netif.o
    0x0800eaa8   0x0000000c   Code   RO         2157    i.netif_set_gw      netif.o
    0x0800eab4   0x00000078   Code   RO         2158    i.netif_set_ipaddr  netif.o
    0x0800eb2c   0x0000000c   Code   RO         2161    i.netif_set_netmask  netif.o
    0x0800eb38   0x00000036   Code   RO         2162    i.netif_set_up      netif.o
    0x0800eb6e   0x00000002   PAD
    0x0800eb70   0x0000018c   Code   RO         5343    i.nightflash_Interface  ra8806_ctrl.o
    0x0800ecfc   0x0000004c   Code   RO         5344    i.nightflash_datainit  ra8806_ctrl.o
    0x0800ed48   0x0000006c   Code   RO         5345    i.nightflash_main   ra8806_ctrl.o
    0x0800edb4   0x000001c6   Code   RO         2247    i.pbuf_alloc        pbuf.o
    0x0800ef7a   0x00000064   Code   RO         2248    i.pbuf_alloced_custom  pbuf.o
    0x0800efde   0x00000050   Code   RO         2249    i.pbuf_cat          pbuf.o
    0x0800f02e   0x00000012   Code   RO         2251    i.pbuf_clen         pbuf.o
    0x0800f040   0x000000e4   Code   RO         2253    i.pbuf_copy         pbuf.o
    0x0800f124   0x0000009a   Code   RO         2254    i.pbuf_copy_partial  pbuf.o
    0x0800f1be   0x000000ba   Code   RO         2256    i.pbuf_free         pbuf.o
    0x0800f278   0x0000008c   Code   RO         2258    i.pbuf_header       pbuf.o
    0x0800f304   0x000000b0   Code   RO         2261    i.pbuf_realloc      pbuf.o
    0x0800f3b4   0x0000000a   Code   RO         2262    i.pbuf_ref          pbuf.o
    0x0800f3be   0x00000002   PAD
    0x0800f3c0   0x000000b4   Code   RO         2065    i.plug_holes        mem.o
    0x0800f474   0x0000002c   Code   RO         3583    i.print_client_pcb_state  tcp_client.o
    0x0800f4a0   0x00000030   Code   RO         3675    i.print_server_pcb_state  tcp_server.o
    0x0800f4d0   0x00000074   Code   RO         2366    i.raw_input         raw.o
    0x0800f544   0x0000021c   Code   RO         5346    i.reset_ledgpio_map  ra8806_ctrl.o
    0x0800f760   0x000003b8   Code   RO         5347    i.set_period        ra8806_ctrl.o
    0x0800fb18   0x00000040   Code   RO         5348    i.set_period_datainit  ra8806_ctrl.o
    0x0800fb58   0x00000100   Code   RO         5349    i.set_period_interface  ra8806_ctrl.o
    0x0800fc58   0x00000078   Code   RO         5350    i.set_period_main   ra8806_ctrl.o
    0x0800fcd0   0x00000148   Code   RO         5351    i.set_period_update  ra8806_ctrl.o
    0x0800fe18   0x0000066c   Code   RO         5352    i.set_phase         ra8806_ctrl.o
    0x08010484   0x00000070   Code   RO         5353    i.set_phase_datainit  ra8806_ctrl.o
    0x080104f4   0x0000018c   Code   RO         5354    i.set_phase_interface  ra8806_ctrl.o
    0x08010680   0x00000070   Code   RO         5355    i.set_phase_main    ra8806_ctrl.o
    0x080106f0   0x000002a4   Code   RO         5356    i.set_phase_update  ra8806_ctrl.o
    0x08010994   0x000000a4   Code   RO         2887    i.sys_timeout       timers.o
    0x08010a38   0x00000138   Code   RO         4685    i.task1_traffic_control  main.o
    0x08010b70   0x00000174   Code   RO         4686    i.task2_key_control_screen  main.o
    0x08010ce4   0x000000f0   Code   RO         4687    i.task3_refresh_time_screen  main.o
    0x08010dd4   0x00000010   Code   RO         4688    i.task4_network     main.o
    0x08010de4   0x0000003c   Code   RO         4689    i.task5_client_reconnect  main.o
    0x08010e20   0x000000e4   Code   RO         4690    i.task7_system_init  main.o
    0x08010f04   0x000000a8   Code   RO         2495    i.tcp_abandon       tcp.o
    0x08010fac   0x0000000e   Code   RO         2496    i.tcp_abort         tcp.o
    0x08010fba   0x00000004   Code   RO         2497    i.tcp_accept        tcp.o
    0x08010fbe   0x00000008   Code   RO         2498    i.tcp_accept_null   tcp.o
    0x08010fc6   0x00000002   PAD
    0x08010fc8   0x000000f0   Code   RO         2499    i.tcp_alloc         tcp.o
    0x080110b8   0x00000004   Code   RO         2500    i.tcp_arg           tcp.o
    0x080110bc   0x0000009c   Code   RO         2501    i.tcp_bind          tcp.o
    0x08011158   0x000000d4   Code   RO         3584    i.tcp_client_connected  tcp_client.o
    0x0801122c   0x000001f0   Code   RO         3585    i.tcp_client_errf   tcp_client.o
    0x0801141c   0x000000ac   Code   RO         3586    i.tcp_client_poll   tcp_client.o
    0x080114c8   0x000003bc   Code   RO         3587    i.tcp_client_recv   tcp_client.o
    0x08011884   0x000000a4   Code   RO         3588    i.tcp_client_request  tcp_client.o
    0x08011928   0x00000048   Code   RO         3589    i.tcp_client_sent   tcp_client.o
    0x08011970   0x0000001c   Code   RO         2502    i.tcp_close         tcp.o
    0x0801198c   0x000001d4   Code   RO         2503    i.tcp_close_shutdown  tcp.o
    0x08011b60   0x00000158   Code   RO         2504    i.tcp_connect       tcp.o
    0x08011cb8   0x000000c0   Code   RO         2786    i.tcp_create_segment  tcp_out.o
    0x08011d78   0x00000010   Code   RO         2505    i.tcp_debug_state_str  tcp.o
    0x08011d88   0x0000002e   Code   RO         2506    i.tcp_eff_send_mss  tcp.o
    0x08011db6   0x00000002   PAD
    0x08011db8   0x00000180   Code   RO         2787    i.tcp_enqueue_flags  tcp_out.o
    0x08011f38   0x00000014   Code   RO         2507    i.tcp_err           tcp.o
    0x08011f4c   0x0000007c   Code   RO         2508    i.tcp_fasttmr       tcp.o
    0x08011fc8   0x00000584   Code   RO         2730    i.tcp_input         tcp_in.o
    0x0801254c   0x00000068   Code   RO         2788    i.tcp_keepalive     tcp_out.o
    0x080125b4   0x00000054   Code   RO         2510    i.tcp_kill_prio     tcp.o
    0x08012608   0x0000003c   Code   RO         2511    i.tcp_kill_timewait  tcp.o
    0x08012644   0x00000144   Code   RO         2731    i.tcp_listen_input  tcp_in.o
    0x08012788   0x000000dc   Code   RO         2512    i.tcp_listen_with_backlog  tcp.o
    0x08012864   0x0000000a   Code   RO         2513    i.tcp_new           tcp.o
    0x0801286e   0x00000002   PAD
    0x08012870   0x00000068   Code   RO         2514    i.tcp_new_port      tcp.o
    0x080128d8   0x0000001c   Code   RO         2515    i.tcp_next_iss      tcp.o
    0x080128f4   0x00000090   Code   RO         2732    i.tcp_oos_insert_segment  tcp_in.o
    0x08012984   0x000001d4   Code   RO         2789    i.tcp_output        tcp_out.o
    0x08012b58   0x00000086   Code   RO         2790    i.tcp_output_alloc_header  tcp_out.o
    0x08012bde   0x00000002   PAD
    0x08012be0   0x000000f8   Code   RO         2791    i.tcp_output_segment  tcp_out.o
    0x08012cd8   0x000000b4   Code   RO         2733    i.tcp_parseopt      tcp_in.o
    0x08012d8c   0x00000078   Code   RO         2792    i.tcp_pbuf_prealloc  tcp_out.o
    0x08012e04   0x00000048   Code   RO         2516    i.tcp_pcb_purge     tcp.o
    0x08012e4c   0x000000ac   Code   RO         2517    i.tcp_pcb_remove    tcp.o
    0x08012ef8   0x00000018   Code   RO         2518    i.tcp_poll          tcp.o
    0x08012f10   0x000005ac   Code   RO         2734    i.tcp_process       tcp_in.o
    0x080134bc   0x00000090   Code   RO         2519    i.tcp_process_refused_data  tcp.o
    0x0801354c   0x00000ac0   Code   RO         2735    i.tcp_receive       tcp_in.o
    0x0801400c   0x00000014   Code   RO         2520    i.tcp_recv          tcp.o
    0x08014020   0x0000002e   Code   RO         2521    i.tcp_recv_null     tcp.o
    0x0801404e   0x00000060   Code   RO         2522    i.tcp_recved        tcp.o
    0x080140ae   0x0000005a   Code   RO         2793    i.tcp_rexmit        tcp_out.o
    0x08014108   0x00000070   Code   RO         2794    i.tcp_rexmit_fast   tcp_out.o
    0x08014178   0x0000003a   Code   RO         2795    i.tcp_rexmit_rto    tcp_out.o
    0x080141b2   0x00000002   PAD
    0x080141b4   0x000000ac   Code   RO         2796    i.tcp_rst           tcp_out.o
    0x08014260   0x00000024   Code   RO         2523    i.tcp_seg_copy      tcp.o
    0x08014284   0x0000001a   Code   RO         2524    i.tcp_seg_free      tcp.o
    0x0801429e   0x00000018   Code   RO         2525    i.tcp_segs_free     tcp.o
    0x080142b6   0x00000060   Code   RO         2797    i.tcp_send_empty_ack  tcp_out.o
    0x08014316   0x0000004a   Code   RO         2798    i.tcp_send_fin      tcp_out.o
    0x08014360   0x00000012   Code   RO         2526    i.tcp_sent          tcp.o
    0x08014372   0x00000002   PAD
    0x08014374   0x00000090   Code   RO         3676    i.tcp_server_accept  tcp_server.o
    0x08014404   0x000001dc   Code   RO         3677    i.tcp_server_errf   tcp_server.o
    0x080145e0   0x00000058   Code   RO         3678    i.tcp_server_init   tcp_server.o
    0x08014638   0x00000058   Code   RO         3679    i.tcp_server_poll   tcp_server.o
    0x08014690   0x00000264   Code   RO         3680    i.tcp_server_recv   tcp_server.o
    0x080148f4   0x00000034   Code   RO         3681    i.tcp_server_sent   tcp_server.o
    0x08014928   0x000003a8   Code   RO         2529    i.tcp_slowtmr       tcp.o
    0x08014cd0   0x00000038   Code   RO         2890    i.tcp_timer_needed  timers.o
    0x08014d08   0x000000ac   Code   RO         2736    i.tcp_timewait_input  tcp_in.o
    0x08014db4   0x00000024   Code   RO         2530    i.tcp_tmr           tcp.o
    0x08014dd8   0x00000058   Code   RO         2531    i.tcp_update_rcv_ann_wnd  tcp.o
    0x08014e30   0x000003fc   Code   RO         2799    i.tcp_write         tcp_out.o
    0x0801522c   0x0000009c   Code   RO         2800    i.tcp_write_checks  tcp_out.o
    0x080152c8   0x000000c8   Code   RO         2801    i.tcp_zero_window_probe  tcp_out.o
    0x08015390   0x00000038   Code   RO         2891    i.tcpip_tcp_timer   timers.o
    0x080153c8   0x00000058   Code   RO         5357    i.time_saveto_ds1302  ra8806_ctrl.o
    0x08015420   0x00000254   Code   RO         2949    i.udp_input         udp.o
    0x08015674   0x00000028   Data   RO         2112    .constdata          memp.o
    0x0801569c   0x00000050   Data   RO         2532    .constdata          tcp.o
    0x080156ec   0x00000008   Data   RO         3169    .constdata          ip_addr.o
    0x080156f4   0x0000000c   Data   RO         3334    .constdata          etharp.o
    0x08015700   0x00000100   Data   RO         3822    .constdata          os_core.o
    0x08015800   0x00000072   Data   RO         4670    .constdata          os_dbg.o
    0x08015872   0x000000e8   Data   RO         5358    .constdata          ra8806_ctrl.o
    0x0801595a   0x00000013   Data   RO         6298    .constdata          stm32f10x_it.o
    0x0801596d   0x0000000c   Data   RO         6376    .constdata          mc_w.l(mktime.o)
    0x08015979   0x0000000c   Data   RO         6708    .constdata          mc_w.l(localtime_i.o)
    0x08015985   0x00000040   Data   RO         6744    .constdata          mc_w.l(ctype_c.o)
    0x080159c5   0x00000003   PAD
    0x080159c8   0x00000075   Data   RO         2533    .conststring        tcp.o
    0x08015a3d   0x00000003   PAD
    0x08015a40   0x0000003f   Data   RO         5359    .conststring        ra8806_ctrl.o
    0x08015a7f   0x00000001   PAD
    0x08015a80   0x00000020   Data   RO         6746    Region$$Table       anon$$obj.o


    Execution Region RW_IRAM1 (Base: 0x20000000, Size: 0x0000d5a0, Max: 0x00010000, ABSOLUTE, COMPRESSED[0x00000058])

    Base Addr    Size         Type   Attr      Idx    E Section Name        Object

    0x20000000   0x00000014   Data   RW          607    .data               stm32f10x_rcc.o
    0x20000014   0x0000000c   Data   RW         2067    .data               mem.o
    0x20000020   0x00000009   Data   RW         2163    .data               netif.o
    0x20000029   0x00000003   PAD
    0x2000002c   0x00000004   Data   RW         2372    .data               raw.o
    0x20000030   0x00000024   Data   RW         2534    .data               tcp.o
    0x20000054   0x00000020   Data   RW         2738    .data               tcp_in.o
    0x20000074   0x0000000c   Data   RW         2892    .data               timers.o
    0x20000080   0x00000008   Data   RW         2957    .data               udp.o
    0x20000088   0x00000012   Data   RW         3127    .data               ip.o
    0x2000009a   0x00000002   PAD
    0x2000009c   0x00000006   Data   RW         3226    .data               ip_frag.o
    0x200000a2   0x00000001   Data   RW         3335    .data               etharp.o
    0x200000a3   0x00000006   Data   RW         3429    .data               ethernetif.o
    0x200000a9   0x00000003   PAD
    0x200000ac   0x00000008   Data   RW         3495    .data               enc28j60.o
    0x200000b4   0x00000005   Data   RW         3590    .data               tcp_client.o
    0x200000b9   0x00000003   PAD
    0x200000bc   0x00000060   Data   RW         3823    .data               os_core.o
    0x2000011c   0x00000006   Data   RW         4587    .data               os_cpu_c.o
    0x20000122   0x00000002   PAD
    0x20000124   0x00000044   Data   RW         4692    .data               main.o
    0x20000168   0x00000040   Data   RW         5360    .data               ra8806_ctrl.o
    0x200001a8   0x00000010   Data   RW         6140    .data               netconf.o
    0x200001b8   0x00000001   Data   RW         6299    .data               stm32f10x_it.o
    0x200001b9   0x00000003   PAD
    0x200001bc   0x00000004   Data   RW         6699    .data               mc_w.l(stdout.o)
    0x200001c0   0x00000004   Data   RW         6710    .data               mc_w.l(mvars.o)
    0x200001c4   0x00000004   Data   RW         6711    .data               mc_w.l(mvars.o)
    0x200001c8   0x00003e8d   Zero   RW         2066    .bss                mem.o
    0x20004055   0x00000003   PAD
    0x20004058   0x000030b0   Zero   RW         2111    .bss                memp.o
    0x20007108   0x00000116   Zero   RW         2421    .bss                stats.o
    0x2000721e   0x00000002   PAD
    0x20007220   0x00000010   Zero   RW         2737    .bss                tcp_in.o
    0x20007230   0x000000c8   Zero   RW         3333    .bss                etharp.o
    0x200072f8   0x00001344   Zero   RW         3821    .bss                os_core.o
    0x2000863c   0x00000200   Zero   RW         4586    .bss                os_cpu_c.o
    0x2000883c   0x00004508   Zero   RW         4691    .bss                main.o
    0x2000cd44   0x00000030   Zero   RW         6139    .bss                netconf.o
    0x2000cd74   0x0000002c   Zero   RW         6705    .bss                mc_w.l(localtime_w.o)
    0x2000cda0   0x00000400   Zero   RW         1840    HEAP                startup_stm32f10x_hd.o
    0x2000d1a0   0x00000400   Zero   RW         1839    STACK               startup_stm32f10x_hd.o


==============================================================================

Image component sizes


      Code (inc. data)   RO Data    RW Data    ZI Data      Debug   Object Name

         0          0          0          0          0        620   api_lib.o
        16          0          0          0          0       3324   app_hooks.o
       954         28          0          0          0       4502   at24c64_op.o
         0          0          0          0          0         32   core_cm3.o
        62          0          0          0          0       2012   def.o
        60          0          0          0          0       1313   delay.o
      1182          8          0          0          0       7273   ds1302_op.o
       640          8          0          0          0        863   e2prom_op.o
      1346        136          0          8          0       7300   enc28j60.o
      2728         96         12          1        200      12861   etharp.o
       382         22          0          6          0       4157   ethernetif.o
       200         94          0          0          0        459   ex_var.o
       720         16          0          0          0       3638   icmp.o
         0          0          0          0          0       3840   inet.o
       362          0          0          0          0       3482   inet_chksum.o
         0          0          0          0          0      23751   init.o
      1080         50          0         18          0       7285   ip.o
        78          0          8          0          0       7178   ip_addr.o
      1916         52          0          6          0       9517   ip_frag.o
      2106        272          0          0          0       7501   key_op.o
      2260        130          0          0          0       4927   led_op.o
      1572        462          0         68      17672      16243   main.o
      1254         80          0         12      16013       5586   mem.o
       392         38         40          0      12464       3938   memp.o
      3044       1604          0          0          0       4789   menu_resource.o
       152         30          0          0          0     271037   misc.o
       292         64          0         16         48       2267   netconf.o
       366         26          0          9          0       6769   netif.o
      2172        374        256         96       4932      24235   os_core.o
       200         38          0          0          0        352   os_cpu_a.o
       434         48          0          6        512      17760   os_cpu_c.o
       348        230        114          0          0       3345   os_dbg.o
       112          8          0          0          0       1094   os_flag.o
       456         22          0          0          0       2461   os_mbox.o
        76          8          0          0          0        505   os_mem.o
       644         36          0          0          0       3167   os_q.o
       434         24          0          0          0       2258   os_sem.o
      1486        130          0          0          0       7211   os_task.o
       140         20          0          0          0       1072   os_time.o
       608        102          0          0          0       4331   os_tmr.o
      1546          0          0          0          0       8686   pbuf.o
     27372       3858        295         64          0      72406   ra8806_ctrl.o
       116         14          0          4          0       1528   raw.o
        56          6          0          0          0        513   spi_op.o
        36          8        304          0       2048        888   startup_stm32f10x_hd.o
         0          0          0          0        278       3241   stats.o
        16          0          0          0          0        505   stm32f10x_bkp.o
       216         22          0          0          0       2771   stm32f10x_exti.o
       388          4          0          0          0       6106   stm32f10x_gpio.o
       316         20          0          0          0       3610   stm32f10x_i2c.o
       966        224         19          1          0       6076   stm32f10x_it.o
        12          6          0          0          0        538   stm32f10x_pwr.o
       836        120          0         20          0      13674   stm32f10x_rcc.o
       248         48          0          0          0       5374   stm32f10x_rtc.o
       112          0          0          0          0       3982   stm32f10x_spi.o
       966        116          0          0          0       8047   stm32f10x_tim.o
       248          6          0          0          0       3486   stm32f10x_usart.o
         0          0          0          0          0       2268   sys.o
      1300         68          0          0          0       7146   sys_config.o
       328         28          0          0          0       1773   system_stm32f10x.o
      3884        206        197         36          0      32262   tcp.o
      2116        798          0          5          0      20757   tcp_client.o
      6436        346          0         32         16      17927   tcp_in.o
      3628         46          0          0          0      14695   tcp_out.o
      1508        574          0          0          0       5661   tcp_server.o
       494         34          0          0          0       4248   time_op.o
       276         40          0         12          0       2061   timers.o
       596         16          0          8          0       3411   udp.o
        36          4          0          0          0        500   usart_op.o

    ----------------------------------------------------------------------
     84394      10868       1281        444      54188     748395   Object Totals
         0          0         32          0          0          0   (incl. Generated)
        68          0          4         16          5          0   (incl. Padding)

    ----------------------------------------------------------------------

      Code (inc. data)   RO Data    RW Data    ZI Data      Debug   Library Member Name

        56          8          0          0          0         84   __0sscanf.o
        86          0          0          0          0          0   __dczerorl2.o
        28          0          0          0          0         68   _chval.o
       808          6          0          0          0        112   _scanf.o
       332          0          0          0          0         96   _scanf_int.o
       218          0          0          0          0         96   _scanf_str.o
        64          0          0          0          0         84   _sgetc.o
        28          0          0          0          0         76   calloc.o
        40          6         64          0          0         68   ctype_c.o
         0          0          0          0          0          0   entry.o
         0          0          0          0          0          0   entry10a.o
         0          0          0          0          0          0   entry11a.o
         8          4          0          0          0          0   entry2.o
         4          0          0          0          0          0   entry5.o
         0          0          0          0          0          0   entry7b.o
         0          0          0          0          0          0   entry8b.o
         8          4          0          0          0          0   entry9a.o
        30          0          0          0          0          0   handlers.o
        36          8          0          0          0         68   init.o
        10          0          0          0          0         68   isspace_c.o
       128          6         12          0          0         80   localtime_i.o
        12          6          0          0         44         68   localtime_w.o
       188         20          0          0          0        160   malloc.o
        26          0          0          0          0         80   memcmp.o
        36          0          0          0          0         68   memcpya.o
        36          0          0          0          0        108   memseta.o
       160         18         12          0          0         80   mktime.o
         0          0          0          8          0          0   mvars.o
       522         20          0          0          0        336   printf3.o
        40          8          0          0          0         84   scanf_char.o
         0          0          0          4          0          0   stdout.o
        14          0          0          0          0         68   strlen.o
        44          0          0          0          0         80   uidiv.o

    ----------------------------------------------------------------------
      2970        114         91         12         44       2032   Library Totals
         8          0          3          0          0          0   (incl. Padding)

    ----------------------------------------------------------------------

      Code (inc. data)   RO Data    RW Data    ZI Data      Debug   Library Name

      2962        114         88         12         44       2032   mc_w.l

    ----------------------------------------------------------------------
      2970        114         91         12         44       2032   Library Totals

    ----------------------------------------------------------------------

==============================================================================


      Code (inc. data)   RO Data    RW Data    ZI Data      Debug   

     87364      10982       1372        456      54232     722787   Grand Totals
     87364      10982       1372         88      54232     722787   ELF Image Totals (compressed)
     87364      10982       1372         88          0          0   ROM Totals

==============================================================================

    Total RO  Size (Code + RO Data)                88736 (  86.66kB)
    Total RW  Size (RW Data + ZI Data)             54688 (  53.41kB)
    Total ROM Size (Code + RO Data + RW Data)      88824 (  86.74kB)

==============================================================================

